Archive member included because of file (symbol)

d:/embedded systems/avr/sdk/winavr/bin/../lib/gcc/avr/4.3.3/avr5\libgcc.a(_udivmodhi4.o)
                              ./CURT1_prg.o (__udivmodhi4)
d:/embedded systems/avr/sdk/winavr/bin/../lib/gcc/avr/4.3.3/avr5\libgcc.a(_exit.o)
                              d:/embedded systems/avr/sdk/winavr/bin/../lib/gcc/avr/4.3.3/../../../../avr/lib/avr5/crtm32.o (exit)
d:/embedded systems/avr/sdk/winavr/bin/../lib/gcc/avr/4.3.3/avr5\libgcc.a(_copy_data.o)
                              ./EX_INT_prg.o (__do_copy_data)
d:/embedded systems/avr/sdk/winavr/bin/../lib/gcc/avr/4.3.3/avr5\libgcc.a(_clear_bss.o)
                              ./CURT1_prg.o (__do_clear_bss)
d:/embedded systems/avr/sdk/winavr/bin/../lib/gcc/avr/4.3.3/avr5\libgcc.a(_muldi3.o)
                              ./ADC_prg.o (__muldi3)
d:/embedded systems/avr/sdk/winavr/bin/../lib/gcc/avr/4.3.3/avr5\libgcc.a(_ashldi3.o)
                              ./TIMER_PRG.o (__ashldi3)
d:/embedded systems/avr/sdk/winavr/bin/../lib/gcc/avr/4.3.3/avr5\libgcc.a(_fixunssfsi.o)
                              ./TIMER_PRG.o (__fixunssfsi)
d:/embedded systems/avr/sdk/winavr/bin/../lib/gcc/avr/4.3.3/avr5\libgcc.a(_floatundisf.o)
                              ./TIMER_PRG.o (__floatundisf)
d:/embedded systems/avr/sdk/winavr/bin/../lib/gcc/avr/4.3.3/avr5\libgcc.a(_udivdi3.o)
                              ./ADC_prg.o (__udivdi3)
d:/embedded systems/avr/sdk/winavr/bin/../lib/gcc/avr/4.3.3/avr5\libgcc.a(_addsub_sf.o)
                              ./TIMER_PRG.o (__subsf3)
d:/embedded systems/avr/sdk/winavr/bin/../lib/gcc/avr/4.3.3/avr5\libgcc.a(_mul_sf.o)
                              ./TIMER_PRG.o (__mulsf3)
d:/embedded systems/avr/sdk/winavr/bin/../lib/gcc/avr/4.3.3/avr5\libgcc.a(_div_sf.o)
                              ./TIMER_PRG.o (__divsf3)
d:/embedded systems/avr/sdk/winavr/bin/../lib/gcc/avr/4.3.3/avr5\libgcc.a(_gt_sf.o)
                              ./UART_prg.o (__gtsf2)
d:/embedded systems/avr/sdk/winavr/bin/../lib/gcc/avr/4.3.3/avr5\libgcc.a(_ge_sf.o)
                              d:/embedded systems/avr/sdk/winavr/bin/../lib/gcc/avr/4.3.3/avr5\libgcc.a(_fixunssfsi.o) (__gesf2)
d:/embedded systems/avr/sdk/winavr/bin/../lib/gcc/avr/4.3.3/avr5\libgcc.a(_lt_sf.o)
                              ./TIMER_PRG.o (__ltsf2)
d:/embedded systems/avr/sdk/winavr/bin/../lib/gcc/avr/4.3.3/avr5\libgcc.a(_si_to_sf.o)
                              d:/embedded systems/avr/sdk/winavr/bin/../lib/gcc/avr/4.3.3/avr5\libgcc.a(_floatundisf.o) (__floatsisf)
d:/embedded systems/avr/sdk/winavr/bin/../lib/gcc/avr/4.3.3/avr5\libgcc.a(_sf_to_si.o)
                              d:/embedded systems/avr/sdk/winavr/bin/../lib/gcc/avr/4.3.3/avr5\libgcc.a(_fixunssfsi.o) (__fixsfsi)
d:/embedded systems/avr/sdk/winavr/bin/../lib/gcc/avr/4.3.3/avr5\libgcc.a(_thenan_sf.o)
                              d:/embedded systems/avr/sdk/winavr/bin/../lib/gcc/avr/4.3.3/avr5\libgcc.a(_addsub_sf.o) (__thenan_sf)
d:/embedded systems/avr/sdk/winavr/bin/../lib/gcc/avr/4.3.3/avr5\libgcc.a(_usi_to_sf.o)
                              ./TIMER_PRG.o (__floatunsisf)
d:/embedded systems/avr/sdk/winavr/bin/../lib/gcc/avr/4.3.3/avr5\libgcc.a(_mulsi3.o)
                              d:/embedded systems/avr/sdk/winavr/bin/../lib/gcc/avr/4.3.3/avr5\libgcc.a(_muldi3.o) (__mulsi3)
d:/embedded systems/avr/sdk/winavr/bin/../lib/gcc/avr/4.3.3/avr5\libgcc.a(_udivmodsi4.o)
                              d:/embedded systems/avr/sdk/winavr/bin/../lib/gcc/avr/4.3.3/avr5\libgcc.a(_udivdi3.o) (__udivmodsi4)
d:/embedded systems/avr/sdk/winavr/bin/../lib/gcc/avr/4.3.3/avr5\libgcc.a(_prologue.o)
                              d:/embedded systems/avr/sdk/winavr/bin/../lib/gcc/avr/4.3.3/avr5\libgcc.a(_muldi3.o) (__prologue_saves__)
d:/embedded systems/avr/sdk/winavr/bin/../lib/gcc/avr/4.3.3/avr5\libgcc.a(_epilogue.o)
                              d:/embedded systems/avr/sdk/winavr/bin/../lib/gcc/avr/4.3.3/avr5\libgcc.a(_muldi3.o) (__epilogue_restores__)
d:/embedded systems/avr/sdk/winavr/bin/../lib/gcc/avr/4.3.3/avr5\libgcc.a(_lshrdi3.o)
                              d:/embedded systems/avr/sdk/winavr/bin/../lib/gcc/avr/4.3.3/avr5\libgcc.a(_floatundisf.o) (__lshrdi3)
d:/embedded systems/avr/sdk/winavr/bin/../lib/gcc/avr/4.3.3/avr5\libgcc.a(_clz.o)
                              d:/embedded systems/avr/sdk/winavr/bin/../lib/gcc/avr/4.3.3/avr5\libgcc.a(_floatundisf.o) (__clz_tab)
d:/embedded systems/avr/sdk/winavr/bin/../lib/gcc/avr/4.3.3/avr5\libgcc.a(_clzsi2.o)
                              d:/embedded systems/avr/sdk/winavr/bin/../lib/gcc/avr/4.3.3/avr5\libgcc.a(_si_to_sf.o) (__clzsi2)
d:/embedded systems/avr/sdk/winavr/bin/../lib/gcc/avr/4.3.3/avr5\libgcc.a(_pack_sf.o)
                              d:/embedded systems/avr/sdk/winavr/bin/../lib/gcc/avr/4.3.3/avr5\libgcc.a(_addsub_sf.o) (__pack_f)
d:/embedded systems/avr/sdk/winavr/bin/../lib/gcc/avr/4.3.3/avr5\libgcc.a(_unpack_sf.o)
                              d:/embedded systems/avr/sdk/winavr/bin/../lib/gcc/avr/4.3.3/avr5\libgcc.a(_addsub_sf.o) (__unpack_f)
d:/embedded systems/avr/sdk/winavr/bin/../lib/gcc/avr/4.3.3/avr5\libgcc.a(_fpcmp_parts_sf.o)
                              d:/embedded systems/avr/sdk/winavr/bin/../lib/gcc/avr/4.3.3/avr5\libgcc.a(_gt_sf.o) (__fpcmp_parts_f)
d:/embedded systems/avr/sdk/winavr/bin/../lib/gcc/avr/4.3.3/../../../../avr/lib/avr5\libc.a(eerd_byte_atmega32.o)
                              ./CURT1_prg.o (__eerd_byte_m32)
d:/embedded systems/avr/sdk/winavr/bin/../lib/gcc/avr/4.3.3/../../../../avr/lib/avr5\libc.a(eeupd_byte_atmega32.o)
                              ./CURT1_prg.o (__eeupd_byte_m32)

Allocating common symbols
Common symbol       size              file

MCU2                0x1               ./CURT1_prg.o
Duty_Fan            0x1               ./CURT1_prg.o
MCU1                0x1               ./CURT1_prg.o

Memory Configuration

Name             Origin             Length             Attributes
text             0x00000000         0x00020000         xr
data             0x00800060         0x0000ffa0         rw !x
eeprom           0x00810000         0x00010000         rw !x
fuse             0x00820000         0x00000400         rw !x
lock             0x00830000         0x00000400         rw !x
signature        0x00840000         0x00000400         rw !x
*default*        0x00000000         0xffffffff

Linker script and memory map

LOAD d:/embedded systems/avr/sdk/winavr/bin/../lib/gcc/avr/4.3.3/../../../../avr/lib/avr5/crtm32.o
LOAD ./ADC_prg.o
LOAD ./CURT1_prg.o
LOAD ./DCMOTOR_PRG.o
LOAD ./DIO_prg.o
LOAD ./EX_INT_prg.o
LOAD ./INTERRUPT_prg.o
LOAD ./TIMER_PRG.o
LOAD ./UART_prg.o
LOAD ./WDT_prg.o
LOAD ./main.o
LOAD d:/embedded systems/avr/sdk/winavr/bin/../lib/gcc/avr/4.3.3/avr5\libgcc.a
LOAD d:/embedded systems/avr/sdk/winavr/bin/../lib/gcc/avr/4.3.3/../../../../avr/lib/avr5\libc.a
LOAD d:/embedded systems/avr/sdk/winavr/bin/../lib/gcc/avr/4.3.3/avr5\libgcc.a

.hash
 *(.hash)

.dynsym
 *(.dynsym)

.dynstr
 *(.dynstr)

.gnu.version
 *(.gnu.version)

.gnu.version_d
 *(.gnu.version_d)

.gnu.version_r
 *(.gnu.version_r)

.rel.init
 *(.rel.init)

.rela.init
 *(.rela.init)

.rel.text
 *(.rel.text)
 *(.rel.text.*)
 *(.rel.gnu.linkonce.t*)

.rela.text
 *(.rela.text)
 *(.rela.text.*)
 *(.rela.gnu.linkonce.t*)

.rel.fini
 *(.rel.fini)

.rela.fini
 *(.rela.fini)

.rel.rodata
 *(.rel.rodata)
 *(.rel.rodata.*)
 *(.rel.gnu.linkonce.r*)

.rela.rodata
 *(.rela.rodata)
 *(.rela.rodata.*)
 *(.rela.gnu.linkonce.r*)

.rel.data
 *(.rel.data)
 *(.rel.data.*)
 *(.rel.gnu.linkonce.d*)

.rela.data
 *(.rela.data)
 *(.rela.data.*)
 *(.rela.gnu.linkonce.d*)

.rel.ctors
 *(.rel.ctors)

.rela.ctors
 *(.rela.ctors)

.rel.dtors
 *(.rel.dtors)

.rela.dtors
 *(.rela.dtors)

.rel.got
 *(.rel.got)

.rela.got
 *(.rela.got)

.rel.bss
 *(.rel.bss)

.rela.bss
 *(.rela.bss)

.rel.plt
 *(.rel.plt)

.rela.plt
 *(.rela.plt)

.text           0x00000000     0x4528
 *(.vectors)
 .vectors       0x00000000       0x54 d:/embedded systems/avr/sdk/winavr/bin/../lib/gcc/avr/4.3.3/../../../../avr/lib/avr5/crtm32.o
                0x00000000                __vectors
                0x00000000                __vector_default
 *(.vectors)
 *(.progmem.gcc*)
 *(.progmem*)
                0x00000054                . = ALIGN (0x2)
                0x00000054                __trampolines_start = .
 *(.trampolines)
 .trampolines   0x00000054        0x0 linker stubs
 *(.trampolines*)
                0x00000054                __trampolines_end = .
 *(.jumptables)
 *(.jumptables*)
 *(.lowtext)
 *(.lowtext*)
                0x00000054                __ctors_start = .
 *(.ctors)
                0x00000054                __ctors_end = .
                0x00000054                __dtors_start = .
 *(.dtors)
                0x00000054                __dtors_end = .
 SORT(*)(.ctors)
 SORT(*)(.dtors)
 *(.init0)
 .init0         0x00000054        0x0 d:/embedded systems/avr/sdk/winavr/bin/../lib/gcc/avr/4.3.3/../../../../avr/lib/avr5/crtm32.o
                0x00000054                __init
 *(.init0)
 *(.init1)
 *(.init1)
 *(.init2)
 .init2         0x00000054        0xc d:/embedded systems/avr/sdk/winavr/bin/../lib/gcc/avr/4.3.3/../../../../avr/lib/avr5/crtm32.o
 *(.init2)
 *(.init3)
 *(.init3)
 *(.init4)
 .init4         0x00000060       0x16 d:/embedded systems/avr/sdk/winavr/bin/../lib/gcc/avr/4.3.3/avr5\libgcc.a(_copy_data.o)
                0x00000060                __do_copy_data
 .init4         0x00000076       0x10 d:/embedded systems/avr/sdk/winavr/bin/../lib/gcc/avr/4.3.3/avr5\libgcc.a(_clear_bss.o)
                0x00000076                __do_clear_bss
 *(.init4)
 *(.init5)
 *(.init5)
 *(.init6)
 *(.init6)
 *(.init7)
 *(.init7)
 *(.init8)
 *(.init8)
 *(.init9)
 .init9         0x00000086        0x8 d:/embedded systems/avr/sdk/winavr/bin/../lib/gcc/avr/4.3.3/../../../../avr/lib/avr5/crtm32.o
 *(.init9)
 *(.text)
 .text          0x0000008e        0x4 d:/embedded systems/avr/sdk/winavr/bin/../lib/gcc/avr/4.3.3/../../../../avr/lib/avr5/crtm32.o
                0x0000008e                __vector_12
                0x0000008e                __bad_interrupt
                0x0000008e                __vector_6
                0x0000008e                __vector_13
                0x0000008e                __vector_17
                0x0000008e                __vector_19
                0x0000008e                __vector_7
                0x0000008e                __vector_4
                0x0000008e                __vector_9
                0x0000008e                __vector_15
                0x0000008e                __vector_8
                0x0000008e                __vector_14
                0x0000008e                __vector_10
                0x0000008e                __vector_16
                0x0000008e                __vector_18
                0x0000008e                __vector_20
 .text          0x00000092        0x0 ./ADC_prg.o
 .text          0x00000092        0x0 ./CURT1_prg.o
 .text          0x00000092        0x0 ./DCMOTOR_PRG.o
 .text          0x00000092        0x0 ./DIO_prg.o
 .text          0x00000092        0x0 ./EX_INT_prg.o
 .text          0x00000092        0x0 ./INTERRUPT_prg.o
 .text          0x00000092        0x0 ./TIMER_PRG.o
 .text          0x00000092        0x0 ./UART_prg.o
 .text          0x00000092        0x0 ./WDT_prg.o
 .text          0x00000092        0x0 ./main.o
 .text          0x00000092        0x0 d:/embedded systems/avr/sdk/winavr/bin/../lib/gcc/avr/4.3.3/avr5\libgcc.a(_udivmodhi4.o)
 .text          0x00000092        0x0 d:/embedded systems/avr/sdk/winavr/bin/../lib/gcc/avr/4.3.3/avr5\libgcc.a(_exit.o)
 .text          0x00000092        0x0 d:/embedded systems/avr/sdk/winavr/bin/../lib/gcc/avr/4.3.3/avr5\libgcc.a(_copy_data.o)
 .text          0x00000092        0x0 d:/embedded systems/avr/sdk/winavr/bin/../lib/gcc/avr/4.3.3/avr5\libgcc.a(_clear_bss.o)
 .text          0x00000092      0x1f6 d:/embedded systems/avr/sdk/winavr/bin/../lib/gcc/avr/4.3.3/avr5\libgcc.a(_muldi3.o)
                0x00000092                __muldi3
 .text          0x00000288       0xfe d:/embedded systems/avr/sdk/winavr/bin/../lib/gcc/avr/4.3.3/avr5\libgcc.a(_ashldi3.o)
                0x00000288                __ashldi3
 .text          0x00000386       0x58 d:/embedded systems/avr/sdk/winavr/bin/../lib/gcc/avr/4.3.3/avr5\libgcc.a(_fixunssfsi.o)
                0x00000386                __fixunssfsi
 .text          0x000003de      0x1b8 d:/embedded systems/avr/sdk/winavr/bin/../lib/gcc/avr/4.3.3/avr5\libgcc.a(_floatundisf.o)
                0x000003de                __floatundisf
 .text          0x00000596      0xcea d:/embedded systems/avr/sdk/winavr/bin/../lib/gcc/avr/4.3.3/avr5\libgcc.a(_udivdi3.o)
                0x00000596                __udivdi3
 .text          0x00001280      0x354 d:/embedded systems/avr/sdk/winavr/bin/../lib/gcc/avr/4.3.3/avr5\libgcc.a(_addsub_sf.o)
                0x00001518                __subsf3
                0x0000157a                __addsf3
 .text          0x000015d4      0x1f4 d:/embedded systems/avr/sdk/winavr/bin/../lib/gcc/avr/4.3.3/avr5\libgcc.a(_mul_sf.o)
                0x000015d4                __mulsf3
 .text          0x000017c8      0x158 d:/embedded systems/avr/sdk/winavr/bin/../lib/gcc/avr/4.3.3/avr5\libgcc.a(_div_sf.o)
                0x000017c8                __divsf3
 .text          0x00001920       0x60 d:/embedded systems/avr/sdk/winavr/bin/../lib/gcc/avr/4.3.3/avr5\libgcc.a(_gt_sf.o)
                0x00001920                __gtsf2
 .text          0x00001980       0x60 d:/embedded systems/avr/sdk/winavr/bin/../lib/gcc/avr/4.3.3/avr5\libgcc.a(_ge_sf.o)
                0x00001980                __gesf2
 .text          0x000019e0       0x60 d:/embedded systems/avr/sdk/winavr/bin/../lib/gcc/avr/4.3.3/avr5\libgcc.a(_lt_sf.o)
                0x000019e0                __ltsf2
 .text          0x00001a40       0xbc d:/embedded systems/avr/sdk/winavr/bin/../lib/gcc/avr/4.3.3/avr5\libgcc.a(_si_to_sf.o)
                0x00001a40                __floatsisf
 .text          0x00001afc       0xa8 d:/embedded systems/avr/sdk/winavr/bin/../lib/gcc/avr/4.3.3/avr5\libgcc.a(_sf_to_si.o)
                0x00001afc                __fixsfsi
 .text          0x00001ba4        0x0 d:/embedded systems/avr/sdk/winavr/bin/../lib/gcc/avr/4.3.3/avr5\libgcc.a(_thenan_sf.o)
 .text          0x00001ba4       0xf2 d:/embedded systems/avr/sdk/winavr/bin/../lib/gcc/avr/4.3.3/avr5\libgcc.a(_usi_to_sf.o)
                0x00001ba4                __floatunsisf
 .text          0x00001c96        0x0 d:/embedded systems/avr/sdk/winavr/bin/../lib/gcc/avr/4.3.3/avr5\libgcc.a(_mulsi3.o)
 .text          0x00001c96        0x0 d:/embedded systems/avr/sdk/winavr/bin/../lib/gcc/avr/4.3.3/avr5\libgcc.a(_udivmodsi4.o)
 .text          0x00001c96        0x0 d:/embedded systems/avr/sdk/winavr/bin/../lib/gcc/avr/4.3.3/avr5\libgcc.a(_prologue.o)
 .text          0x00001c96        0x0 d:/embedded systems/avr/sdk/winavr/bin/../lib/gcc/avr/4.3.3/avr5\libgcc.a(_epilogue.o)
 .text          0x00001c96       0xfe d:/embedded systems/avr/sdk/winavr/bin/../lib/gcc/avr/4.3.3/avr5\libgcc.a(_lshrdi3.o)
                0x00001c96                __lshrdi3
 .text          0x00001d94        0x0 d:/embedded systems/avr/sdk/winavr/bin/../lib/gcc/avr/4.3.3/avr5\libgcc.a(_clz.o)
 .text          0x00001d94       0x9e d:/embedded systems/avr/sdk/winavr/bin/../lib/gcc/avr/4.3.3/avr5\libgcc.a(_clzsi2.o)
                0x00001d94                __clzsi2
 .text          0x00001e32      0x1aa d:/embedded systems/avr/sdk/winavr/bin/../lib/gcc/avr/4.3.3/avr5\libgcc.a(_pack_sf.o)
                0x00001e32                __pack_f
 .text          0x00001fdc       0xf0 d:/embedded systems/avr/sdk/winavr/bin/../lib/gcc/avr/4.3.3/avr5\libgcc.a(_unpack_sf.o)
                0x00001fdc                __unpack_f
 .text          0x000020cc       0xb2 d:/embedded systems/avr/sdk/winavr/bin/../lib/gcc/avr/4.3.3/avr5\libgcc.a(_fpcmp_parts_sf.o)
                0x000020cc                __fpcmp_parts_f
 .text          0x0000217e        0x0 d:/embedded systems/avr/sdk/winavr/bin/../lib/gcc/avr/4.3.3/../../../../avr/lib/avr5\libc.a(eerd_byte_atmega32.o)
 .text          0x0000217e        0x0 d:/embedded systems/avr/sdk/winavr/bin/../lib/gcc/avr/4.3.3/../../../../avr/lib/avr5\libc.a(eeupd_byte_atmega32.o)
                0x0000217e                . = ALIGN (0x2)
 *(.text.*)
 .text.ADC_VidInit
                0x0000217e       0x2c ./ADC_prg.o
                0x0000217e                ADC_VidInit
 .text.ADC_VidReadChannel
                0x000021aa      0x15a ./ADC_prg.o
                0x000021aa                ADC_VidReadChannel
 .text.ADC_VidDeinit
                0x00002304       0x34 ./ADC_prg.o
                0x00002304                ADC_VidDeinit
 .text.FUNC     0x00002338       0x1c ./CURT1_prg.o
                0x00002338                FUNC
 .text.CURT1_VidInit
                0x00002354       0x76 ./CURT1_prg.o
                0x00002354                CURT1_VidInit
 .text.LM35_U16_ReadTemp
                0x000023ca       0x20 ./CURT1_prg.o
                0x000023ca                LM35_U16_ReadTemp
 .text.StateOfFunAndBuzzer
                0x000023ea      0x116 ./CURT1_prg.o
                0x000023ea                StateOfFunAndBuzzer
 .text.emergency_state_check
                0x00002500       0xae ./CURT1_prg.o
                0x00002500                emergency_state_check
 .text.DcMotor_VidInit
                0x000025ae       0x36 ./DCMOTOR_PRG.o
                0x000025ae                DcMotor_VidInit
 .text.DcMotor_VidRotate
                0x000025e4       0x80 ./DCMOTOR_PRG.o
                0x000025e4                DcMotor_VidRotate
 .text.DIO_VidSetPinDirection
                0x00002664      0x200 ./DIO_prg.o
                0x00002664                DIO_VidSetPinDirection
 .text.DIO_VidSetPortDirection
                0x00002864       0x82 ./DIO_prg.o
                0x00002864                DIO_VidSetPortDirection
 .text.DIO_VidSetPinValue
                0x000028e6      0x200 ./DIO_prg.o
                0x000028e6                DIO_VidSetPinValue
 .text.DIO_VidSetPortValue
                0x00002ae6       0x82 ./DIO_prg.o
                0x00002ae6                DIO_VidSetPortValue
 .text.DIO_VidTogglePinValue
                0x00002b68       0xfa ./DIO_prg.o
                0x00002b68                DIO_VidTogglePinValue
 .text.DIO_U8GetPinValue
                0x00002c62      0x104 ./DIO_prg.o
                0x00002c62                DIO_U8GetPinValue
 .text.EX_INT_VidSetCallBack
                0x00002d66       0x72 ./EX_INT_prg.o
                0x00002d66                EX_INT_VidSetCallBack
 .text.EX_INT_VidINIT
                0x00002dd8      0x1a4 ./EX_INT_prg.o
                0x00002dd8                EX_INT_VidINIT
 .text.EX_PIE_VidEnable
                0x00002f7c       0x6e ./EX_INT_prg.o
                0x00002f7c                EX_PIE_VidEnable
 .text.EX_PIE_VidDisable
                0x00002fea       0x6e ./EX_INT_prg.o
                0x00002fea                EX_PIE_VidDisable
 .text.__vector_1
                0x00003058       0x5a ./EX_INT_prg.o
                0x00003058                __vector_1
 .text.__vector_2
                0x000030b2       0x5a ./EX_INT_prg.o
                0x000030b2                __vector_2
 .text.__vector_3
                0x0000310c       0x5a ./EX_INT_prg.o
                0x0000310c                __vector_3
 .text.EX_INT_VidSetEdge
                0x00003166      0x1e2 ./EX_INT_prg.o
                0x00003166                EX_INT_VidSetEdge
 .text.GIE_VidEnable
                0x00003348       0x1c ./INTERRUPT_prg.o
                0x00003348                GIE_VidEnable
 .text.GIE_VidDisable
                0x00003364       0x1c ./INTERRUPT_prg.o
                0x00003364                GIE_VidDisable
 .text.TIMER_VidSetCallBack
                0x00003380       0x72 ./TIMER_PRG.o
                0x00003380                TIMER_VidSetCallBack
 .text.TIMER0_VidInitialize
                0x000033f2       0x96 ./TIMER_PRG.o
                0x000033f2                TIMER0_VidInitialize
 .text.Timer0_VidSETDUTY
                0x00003488       0x4c ./TIMER_PRG.o
                0x00003488                Timer0_VidSETDUTY
 .text.TIMER2_VidInitialize
                0x000034d4       0x6c ./TIMER_PRG.o
                0x000034d4                TIMER2_VidInitialize
 .text.TIMER2_Set_Time_S
                0x00003540      0x756 ./TIMER_PRG.o
                0x00003540                TIMER2_Set_Time_S
 .text.TIMER2_Set_Time_mS
                0x00003c96      0x28c ./TIMER_PRG.o
                0x00003c96                TIMER2_Set_Time_mS
 .text.__vector_11
                0x00003f22      0x11a ./TIMER_PRG.o
                0x00003f22                __vector_11
 .text.__vector_5
                0x0000403c      0x11a ./TIMER_PRG.o
                0x0000403c                __vector_5
 .text.UART_Vidinit
                0x00004156       0x72 ./UART_prg.o
                0x00004156                UART_Vidinit
 .text.UART_U8GetChar
                0x000041c8       0x1e ./UART_prg.o
                0x000041c8                UART_U8GetChar
 .text.UART_U8SendChar
                0x000041e6       0x2c ./UART_prg.o
                0x000041e6                UART_U8SendChar
 .text.UART_U8StringWriter
                0x00004212      0x146 ./UART_prg.o
                0x00004212                UART_U8StringWriter
 .text.WDT_VidEnable
                0x00004358       0x54 ./WDT_prg.o
                0x00004358                WDT_VidEnable
 .text.WDT_VidDisable
                0x000043ac       0x1c ./WDT_prg.o
                0x000043ac                WDT_VidDisable
 .text.main     0x000043c8       0x12 ./main.o
                0x000043c8                main
 .text.libgcc   0x000043da       0x28 d:/embedded systems/avr/sdk/winavr/bin/../lib/gcc/avr/4.3.3/avr5\libgcc.a(_udivmodhi4.o)
                0x000043da                __udivmodhi4
 .text.libgcc   0x00004402        0x0 d:/embedded systems/avr/sdk/winavr/bin/../lib/gcc/avr/4.3.3/avr5\libgcc.a(_exit.o)
 .text.libgcc   0x00004402        0x0 d:/embedded systems/avr/sdk/winavr/bin/../lib/gcc/avr/4.3.3/avr5\libgcc.a(_copy_data.o)
 .text.libgcc   0x00004402        0x0 d:/embedded systems/avr/sdk/winavr/bin/../lib/gcc/avr/4.3.3/avr5\libgcc.a(_clear_bss.o)
 .text.libgcc   0x00004402       0x3e d:/embedded systems/avr/sdk/winavr/bin/../lib/gcc/avr/4.3.3/avr5\libgcc.a(_mulsi3.o)
                0x00004402                __mulsi3
 .text.libgcc   0x00004440       0x44 d:/embedded systems/avr/sdk/winavr/bin/../lib/gcc/avr/4.3.3/avr5\libgcc.a(_udivmodsi4.o)
                0x00004440                __udivmodsi4
 .text.libgcc   0x00004484       0x38 d:/embedded systems/avr/sdk/winavr/bin/../lib/gcc/avr/4.3.3/avr5\libgcc.a(_prologue.o)
                0x00004484                __prologue_saves__
 .text.libgcc   0x000044bc       0x36 d:/embedded systems/avr/sdk/winavr/bin/../lib/gcc/avr/4.3.3/avr5\libgcc.a(_epilogue.o)
                0x000044bc                __epilogue_restores__
 .text.avr-libc
                0x000044f2       0x10 d:/embedded systems/avr/sdk/winavr/bin/../lib/gcc/avr/4.3.3/../../../../avr/lib/avr5\libc.a(eerd_byte_atmega32.o)
                0x000044f2                __eerd_byte_m32
 .text.avr-libc
                0x00004502       0x22 d:/embedded systems/avr/sdk/winavr/bin/../lib/gcc/avr/4.3.3/../../../../avr/lib/avr5\libc.a(eeupd_byte_atmega32.o)
                0x00004502                __eeupd_byte_m32
                0x00004504                __eeupd_r18_m32
                0x00004524                . = ALIGN (0x2)
 *(.fini9)
 .fini9         0x00004524        0x0 d:/embedded systems/avr/sdk/winavr/bin/../lib/gcc/avr/4.3.3/avr5\libgcc.a(_exit.o)
                0x00004524                exit
                0x00004524                _exit
 *(.fini9)
 *(.fini8)
 *(.fini8)
 *(.fini7)
 *(.fini7)
 *(.fini6)
 *(.fini6)
 *(.fini5)
 *(.fini5)
 *(.fini4)
 *(.fini4)
 *(.fini3)
 *(.fini3)
 *(.fini2)
 *(.fini2)
 *(.fini1)
 *(.fini1)
 *(.fini0)
 .fini0         0x00004524        0x4 d:/embedded systems/avr/sdk/winavr/bin/../lib/gcc/avr/4.3.3/avr5\libgcc.a(_exit.o)
 *(.fini0)
                0x00004528                _etext = .

.data           0x00800060      0x10c load address 0x00004528
                0x00800060                PROVIDE (__data_start, .)
 *(.data)
 .data          0x00800060        0x0 d:/embedded systems/avr/sdk/winavr/bin/../lib/gcc/avr/4.3.3/../../../../avr/lib/avr5/crtm32.o
 .data          0x00800060        0x0 ./ADC_prg.o
 .data          0x00800060        0x0 ./CURT1_prg.o
 .data          0x00800060        0x0 ./DCMOTOR_PRG.o
 .data          0x00800060        0x0 ./DIO_prg.o
 .data          0x00800060        0x0 ./EX_INT_prg.o
 .data          0x00800060        0x0 ./INTERRUPT_prg.o
 .data          0x00800060        0x0 ./TIMER_PRG.o
 .data          0x00800060        0x0 ./UART_prg.o
 .data          0x00800060        0x0 ./WDT_prg.o
 .data          0x00800060        0x0 ./main.o
 .data          0x00800060        0x0 d:/embedded systems/avr/sdk/winavr/bin/../lib/gcc/avr/4.3.3/avr5\libgcc.a(_udivmodhi4.o)
 .data          0x00800060        0x0 d:/embedded systems/avr/sdk/winavr/bin/../lib/gcc/avr/4.3.3/avr5\libgcc.a(_exit.o)
 .data          0x00800060        0x0 d:/embedded systems/avr/sdk/winavr/bin/../lib/gcc/avr/4.3.3/avr5\libgcc.a(_copy_data.o)
 .data          0x00800060        0x0 d:/embedded systems/avr/sdk/winavr/bin/../lib/gcc/avr/4.3.3/avr5\libgcc.a(_clear_bss.o)
 .data          0x00800060        0x0 d:/embedded systems/avr/sdk/winavr/bin/../lib/gcc/avr/4.3.3/avr5\libgcc.a(_muldi3.o)
 .data          0x00800060        0x0 d:/embedded systems/avr/sdk/winavr/bin/../lib/gcc/avr/4.3.3/avr5\libgcc.a(_ashldi3.o)
 .data          0x00800060        0x0 d:/embedded systems/avr/sdk/winavr/bin/../lib/gcc/avr/4.3.3/avr5\libgcc.a(_fixunssfsi.o)
 .data          0x00800060        0x0 d:/embedded systems/avr/sdk/winavr/bin/../lib/gcc/avr/4.3.3/avr5\libgcc.a(_floatundisf.o)
 .data          0x00800060        0x0 d:/embedded systems/avr/sdk/winavr/bin/../lib/gcc/avr/4.3.3/avr5\libgcc.a(_udivdi3.o)
 .data          0x00800060        0x0 d:/embedded systems/avr/sdk/winavr/bin/../lib/gcc/avr/4.3.3/avr5\libgcc.a(_addsub_sf.o)
 .data          0x00800060        0x0 d:/embedded systems/avr/sdk/winavr/bin/../lib/gcc/avr/4.3.3/avr5\libgcc.a(_mul_sf.o)
 .data          0x00800060        0x0 d:/embedded systems/avr/sdk/winavr/bin/../lib/gcc/avr/4.3.3/avr5\libgcc.a(_div_sf.o)
 .data          0x00800060        0x0 d:/embedded systems/avr/sdk/winavr/bin/../lib/gcc/avr/4.3.3/avr5\libgcc.a(_gt_sf.o)
 .data          0x00800060        0x0 d:/embedded systems/avr/sdk/winavr/bin/../lib/gcc/avr/4.3.3/avr5\libgcc.a(_ge_sf.o)
 .data          0x00800060        0x0 d:/embedded systems/avr/sdk/winavr/bin/../lib/gcc/avr/4.3.3/avr5\libgcc.a(_lt_sf.o)
 .data          0x00800060        0x0 d:/embedded systems/avr/sdk/winavr/bin/../lib/gcc/avr/4.3.3/avr5\libgcc.a(_si_to_sf.o)
 .data          0x00800060        0x0 d:/embedded systems/avr/sdk/winavr/bin/../lib/gcc/avr/4.3.3/avr5\libgcc.a(_sf_to_si.o)
 .data          0x00800060        0x8 d:/embedded systems/avr/sdk/winavr/bin/../lib/gcc/avr/4.3.3/avr5\libgcc.a(_thenan_sf.o)
                0x00800060                __thenan_sf
 .data          0x00800068        0x0 d:/embedded systems/avr/sdk/winavr/bin/../lib/gcc/avr/4.3.3/avr5\libgcc.a(_usi_to_sf.o)
 .data          0x00800068        0x0 d:/embedded systems/avr/sdk/winavr/bin/../lib/gcc/avr/4.3.3/avr5\libgcc.a(_mulsi3.o)
 .data          0x00800068        0x0 d:/embedded systems/avr/sdk/winavr/bin/../lib/gcc/avr/4.3.3/avr5\libgcc.a(_udivmodsi4.o)
 .data          0x00800068        0x0 d:/embedded systems/avr/sdk/winavr/bin/../lib/gcc/avr/4.3.3/avr5\libgcc.a(_prologue.o)
 .data          0x00800068        0x0 d:/embedded systems/avr/sdk/winavr/bin/../lib/gcc/avr/4.3.3/avr5\libgcc.a(_epilogue.o)
 .data          0x00800068        0x0 d:/embedded systems/avr/sdk/winavr/bin/../lib/gcc/avr/4.3.3/avr5\libgcc.a(_lshrdi3.o)
 .data          0x00800068      0x100 d:/embedded systems/avr/sdk/winavr/bin/../lib/gcc/avr/4.3.3/avr5\libgcc.a(_clz.o)
                0x00800068                __clz_tab
 .data          0x00800168        0x0 d:/embedded systems/avr/sdk/winavr/bin/../lib/gcc/avr/4.3.3/avr5\libgcc.a(_clzsi2.o)
 .data          0x00800168        0x0 d:/embedded systems/avr/sdk/winavr/bin/../lib/gcc/avr/4.3.3/avr5\libgcc.a(_pack_sf.o)
 .data          0x00800168        0x0 d:/embedded systems/avr/sdk/winavr/bin/../lib/gcc/avr/4.3.3/avr5\libgcc.a(_unpack_sf.o)
 .data          0x00800168        0x0 d:/embedded systems/avr/sdk/winavr/bin/../lib/gcc/avr/4.3.3/avr5\libgcc.a(_fpcmp_parts_sf.o)
 .data          0x00800168        0x0 d:/embedded systems/avr/sdk/winavr/bin/../lib/gcc/avr/4.3.3/../../../../avr/lib/avr5\libc.a(eerd_byte_atmega32.o)
 .data          0x00800168        0x0 d:/embedded systems/avr/sdk/winavr/bin/../lib/gcc/avr/4.3.3/../../../../avr/lib/avr5\libc.a(eeupd_byte_atmega32.o)
 *(.data*)
 .data.INT0_SENSE
                0x00800168        0x1 ./EX_INT_prg.o
                0x00800168                INT0_SENSE
 .data.INT1_SENSE
                0x00800169        0x1 ./EX_INT_prg.o
                0x00800169                INT1_SENSE
 .data.INT2_SENSE
                0x0080016a        0x1 ./EX_INT_prg.o
                0x0080016a                INT2_SENSE
 *(.rodata)
 *(.rodata*)
 *(.gnu.linkonce.d*)
                0x0080016c                . = ALIGN (0x2)
 *fill*         0x0080016b        0x1 00
                0x0080016c                _edata = .
                0x0080016c                PROVIDE (__data_end, .)

.bss            0x0080016c       0x50
                0x0080016c                PROVIDE (__bss_start, .)
 *(.bss)
 .bss           0x0080016c        0x0 d:/embedded systems/avr/sdk/winavr/bin/../lib/gcc/avr/4.3.3/../../../../avr/lib/avr5/crtm32.o
 .bss           0x0080016c        0x0 ./ADC_prg.o
 .bss           0x0080016c        0x0 ./CURT1_prg.o
 .bss           0x0080016c        0x0 ./DCMOTOR_PRG.o
 .bss           0x0080016c        0x0 ./DIO_prg.o
 .bss           0x0080016c        0x0 ./EX_INT_prg.o
 .bss           0x0080016c        0x0 ./INTERRUPT_prg.o
 .bss           0x0080016c        0x0 ./TIMER_PRG.o
 .bss           0x0080016c        0x0 ./UART_prg.o
 .bss           0x0080016c        0x0 ./WDT_prg.o
 .bss           0x0080016c        0x0 ./main.o
 .bss           0x0080016c        0x0 d:/embedded systems/avr/sdk/winavr/bin/../lib/gcc/avr/4.3.3/avr5\libgcc.a(_udivmodhi4.o)
 .bss           0x0080016c        0x0 d:/embedded systems/avr/sdk/winavr/bin/../lib/gcc/avr/4.3.3/avr5\libgcc.a(_exit.o)
 .bss           0x0080016c        0x0 d:/embedded systems/avr/sdk/winavr/bin/../lib/gcc/avr/4.3.3/avr5\libgcc.a(_copy_data.o)
 .bss           0x0080016c        0x0 d:/embedded systems/avr/sdk/winavr/bin/../lib/gcc/avr/4.3.3/avr5\libgcc.a(_clear_bss.o)
 .bss           0x0080016c        0x0 d:/embedded systems/avr/sdk/winavr/bin/../lib/gcc/avr/4.3.3/avr5\libgcc.a(_muldi3.o)
 .bss           0x0080016c        0x0 d:/embedded systems/avr/sdk/winavr/bin/../lib/gcc/avr/4.3.3/avr5\libgcc.a(_ashldi3.o)
 .bss           0x0080016c        0x0 d:/embedded systems/avr/sdk/winavr/bin/../lib/gcc/avr/4.3.3/avr5\libgcc.a(_fixunssfsi.o)
 .bss           0x0080016c        0x0 d:/embedded systems/avr/sdk/winavr/bin/../lib/gcc/avr/4.3.3/avr5\libgcc.a(_floatundisf.o)
 .bss           0x0080016c        0x0 d:/embedded systems/avr/sdk/winavr/bin/../lib/gcc/avr/4.3.3/avr5\libgcc.a(_udivdi3.o)
 .bss           0x0080016c        0x0 d:/embedded systems/avr/sdk/winavr/bin/../lib/gcc/avr/4.3.3/avr5\libgcc.a(_addsub_sf.o)
 .bss           0x0080016c        0x0 d:/embedded systems/avr/sdk/winavr/bin/../lib/gcc/avr/4.3.3/avr5\libgcc.a(_mul_sf.o)
 .bss           0x0080016c        0x0 d:/embedded systems/avr/sdk/winavr/bin/../lib/gcc/avr/4.3.3/avr5\libgcc.a(_div_sf.o)
 .bss           0x0080016c        0x0 d:/embedded systems/avr/sdk/winavr/bin/../lib/gcc/avr/4.3.3/avr5\libgcc.a(_gt_sf.o)
 .bss           0x0080016c        0x0 d:/embedded systems/avr/sdk/winavr/bin/../lib/gcc/avr/4.3.3/avr5\libgcc.a(_ge_sf.o)
 .bss           0x0080016c        0x0 d:/embedded systems/avr/sdk/winavr/bin/../lib/gcc/avr/4.3.3/avr5\libgcc.a(_lt_sf.o)
 .bss           0x0080016c        0x0 d:/embedded systems/avr/sdk/winavr/bin/../lib/gcc/avr/4.3.3/avr5\libgcc.a(_si_to_sf.o)
 .bss           0x0080016c        0x0 d:/embedded systems/avr/sdk/winavr/bin/../lib/gcc/avr/4.3.3/avr5\libgcc.a(_sf_to_si.o)
 .bss           0x0080016c        0x0 d:/embedded systems/avr/sdk/winavr/bin/../lib/gcc/avr/4.3.3/avr5\libgcc.a(_thenan_sf.o)
 .bss           0x0080016c        0x0 d:/embedded systems/avr/sdk/winavr/bin/../lib/gcc/avr/4.3.3/avr5\libgcc.a(_usi_to_sf.o)
 .bss           0x0080016c        0x0 d:/embedded systems/avr/sdk/winavr/bin/../lib/gcc/avr/4.3.3/avr5\libgcc.a(_mulsi3.o)
 .bss           0x0080016c        0x0 d:/embedded systems/avr/sdk/winavr/bin/../lib/gcc/avr/4.3.3/avr5\libgcc.a(_udivmodsi4.o)
 .bss           0x0080016c        0x0 d:/embedded systems/avr/sdk/winavr/bin/../lib/gcc/avr/4.3.3/avr5\libgcc.a(_prologue.o)
 .bss           0x0080016c        0x0 d:/embedded systems/avr/sdk/winavr/bin/../lib/gcc/avr/4.3.3/avr5\libgcc.a(_epilogue.o)
 .bss           0x0080016c        0x0 d:/embedded systems/avr/sdk/winavr/bin/../lib/gcc/avr/4.3.3/avr5\libgcc.a(_lshrdi3.o)
 .bss           0x0080016c        0x0 d:/embedded systems/avr/sdk/winavr/bin/../lib/gcc/avr/4.3.3/avr5\libgcc.a(_clz.o)
 .bss           0x0080016c        0x0 d:/embedded systems/avr/sdk/winavr/bin/../lib/gcc/avr/4.3.3/avr5\libgcc.a(_clzsi2.o)
 .bss           0x0080016c        0x0 d:/embedded systems/avr/sdk/winavr/bin/../lib/gcc/avr/4.3.3/avr5\libgcc.a(_pack_sf.o)
 .bss           0x0080016c        0x0 d:/embedded systems/avr/sdk/winavr/bin/../lib/gcc/avr/4.3.3/avr5\libgcc.a(_unpack_sf.o)
 .bss           0x0080016c        0x0 d:/embedded systems/avr/sdk/winavr/bin/../lib/gcc/avr/4.3.3/avr5\libgcc.a(_fpcmp_parts_sf.o)
 .bss           0x0080016c        0x0 d:/embedded systems/avr/sdk/winavr/bin/../lib/gcc/avr/4.3.3/../../../../avr/lib/avr5\libc.a(eerd_byte_atmega32.o)
 .bss           0x0080016c        0x0 d:/embedded systems/avr/sdk/winavr/bin/../lib/gcc/avr/4.3.3/../../../../avr/lib/avr5\libc.a(eeupd_byte_atmega32.o)
 *(.bss*)
 .bss.counter   0x0080016c        0x1 ./CURT1_prg.o
                0x0080016c                counter
 .bss.temp      0x0080016d        0x1 ./CURT1_prg.o
                0x0080016d                temp
 .bss.CounterTimer.1475
                0x0080016e        0x1 ./CURT1_prg.o
 .bss.INT0_PFUNC
                0x0080016f        0x2 ./EX_INT_prg.o
 .bss.INT1_PFUNC
                0x00800171        0x2 ./EX_INT_prg.o
 .bss.INT2_PFUNC
                0x00800173        0x2 ./EX_INT_prg.o
 .bss.TIMER0_PFUNC
                0x00800175        0x2 ./TIMER_PRG.o
 .bss.TIMER1_PFUNC
                0x00800177        0x2 ./TIMER_PRG.o
 .bss.TIMER2_PFUNC
                0x00800179        0x2 ./TIMER_PRG.o
 .bss.tick.1406
                0x0080017b        0x4 ./TIMER_PRG.o
 .bss.tick.1423
                0x0080017f        0x4 ./TIMER_PRG.o
 .bss.DESIRED_TIME_TIMER0
                0x00800183        0x8 ./TIMER_PRG.o
 .bss.PRE_SCALAR_TIMER0
                0x0080018b        0x2 ./TIMER_PRG.o
 .bss.T_OV_TIMER0
                0x0080018d        0x4 ./TIMER_PRG.o
 .bss.NUM_OV_TIMER0
                0x00800191        0x4 ./TIMER_PRG.o
 .bss.PRE_LOAD_TIMER0
                0x00800195        0x4 ./TIMER_PRG.o
 .bss.PRE_SCALAR_TIMER1
                0x00800199        0x2 ./TIMER_PRG.o
 .bss.top_count
                0x0080019b        0x8 ./TIMER_PRG.o
 .bss.DESIRED_TIME_TIMER2
                0x008001a3        0x8 ./TIMER_PRG.o
 .bss.PRE_SCALAR_TIMER2
                0x008001ab        0x2 ./TIMER_PRG.o
 .bss.T_OV_TIMER2
                0x008001ad        0x4 ./TIMER_PRG.o
 .bss.NUM_OV_TIMER2
                0x008001b1        0x4 ./TIMER_PRG.o
 .bss.PRE_LOAD_TIMER2
                0x008001b5        0x4 ./TIMER_PRG.o
 *(COMMON)
 COMMON         0x008001b9        0x3 ./CURT1_prg.o
                0x008001b9                MCU2
                0x008001ba                Duty_Fan
                0x008001bb                MCU1
                0x008001bc                PROVIDE (__bss_end, .)
                0x00004528                __data_load_start = LOADADDR (.data)
                0x00004634                __data_load_end = (__data_load_start + SIZEOF (.data))

.noinit         0x008001bc        0x0
                0x008001bc                PROVIDE (__noinit_start, .)
 *(.noinit*)
                0x008001bc                PROVIDE (__noinit_end, .)
                0x008001bc                _end = .
                0x008001bc                PROVIDE (__heap_start, .)

.eeprom         0x00810000        0x0
 *(.eeprom*)
                0x00810000                __eeprom_end = .

.fuse
 *(.fuse)
 *(.lfuse)
 *(.hfuse)
 *(.efuse)

.lock
 *(.lock*)

.signature
 *(.signature*)

.stab           0x00000000     0x24a8
 *(.stab)
 .stab          0x00000000      0x2a0 ./ADC_prg.o
 .stab          0x000002a0      0x7bc ./CURT1_prg.o
                                0x858 (size before relaxing)
 .stab          0x00000a5c      0x1ec ./DCMOTOR_PRG.o
                                0x408 (size before relaxing)
 .stab          0x00000c48      0x474 ./DIO_prg.o
                                0x510 (size before relaxing)
 .stab          0x000010bc      0x684 ./EX_INT_prg.o
                                0x720 (size before relaxing)
 .stab          0x00001740      0x144 ./INTERRUPT_prg.o
                                0x1e0 (size before relaxing)
 .stab          0x00001884      0x5a0 ./TIMER_PRG.o
                                0x63c (size before relaxing)
 .stab          0x00001e24      0x3b4 ./UART_prg.o
                                0x5dc (size before relaxing)
 .stab          0x000021d8      0x1b0 ./WDT_prg.o
                                0x3e4 (size before relaxing)
 .stab          0x00002388      0x120 ./main.o
                                0x1f8 (size before relaxing)

.stabstr        0x00000000     0x1241
 *(.stabstr)
 .stabstr       0x00000000     0x1241 ./ADC_prg.o

.stab.excl
 *(.stab.excl)

.stab.exclstr
 *(.stab.exclstr)

.stab.index
 *(.stab.index)

.stab.indexstr
 *(.stab.indexstr)

.comment
 *(.comment)

.debug
 *(.debug)

.line
 *(.line)

.debug_srcinfo
 *(.debug_srcinfo)

.debug_sfnames
 *(.debug_sfnames)

.debug_aranges  0x00000000      0x260
 *(.debug_aranges)
 .debug_aranges
                0x00000000       0x20 d:/embedded systems/avr/sdk/winavr/bin/../lib/gcc/avr/4.3.3/avr5\libgcc.a(_muldi3.o)
 .debug_aranges
                0x00000020       0x20 d:/embedded systems/avr/sdk/winavr/bin/../lib/gcc/avr/4.3.3/avr5\libgcc.a(_ashldi3.o)
 .debug_aranges
                0x00000040       0x20 d:/embedded systems/avr/sdk/winavr/bin/../lib/gcc/avr/4.3.3/avr5\libgcc.a(_fixunssfsi.o)
 .debug_aranges
                0x00000060       0x20 d:/embedded systems/avr/sdk/winavr/bin/../lib/gcc/avr/4.3.3/avr5\libgcc.a(_floatundisf.o)
 .debug_aranges
                0x00000080       0x20 d:/embedded systems/avr/sdk/winavr/bin/../lib/gcc/avr/4.3.3/avr5\libgcc.a(_udivdi3.o)
 .debug_aranges
                0x000000a0       0x20 d:/embedded systems/avr/sdk/winavr/bin/../lib/gcc/avr/4.3.3/avr5\libgcc.a(_addsub_sf.o)
 .debug_aranges
                0x000000c0       0x20 d:/embedded systems/avr/sdk/winavr/bin/../lib/gcc/avr/4.3.3/avr5\libgcc.a(_mul_sf.o)
 .debug_aranges
                0x000000e0       0x20 d:/embedded systems/avr/sdk/winavr/bin/../lib/gcc/avr/4.3.3/avr5\libgcc.a(_div_sf.o)
 .debug_aranges
                0x00000100       0x20 d:/embedded systems/avr/sdk/winavr/bin/../lib/gcc/avr/4.3.3/avr5\libgcc.a(_gt_sf.o)
 .debug_aranges
                0x00000120       0x20 d:/embedded systems/avr/sdk/winavr/bin/../lib/gcc/avr/4.3.3/avr5\libgcc.a(_ge_sf.o)
 .debug_aranges
                0x00000140       0x20 d:/embedded systems/avr/sdk/winavr/bin/../lib/gcc/avr/4.3.3/avr5\libgcc.a(_lt_sf.o)
 .debug_aranges
                0x00000160       0x20 d:/embedded systems/avr/sdk/winavr/bin/../lib/gcc/avr/4.3.3/avr5\libgcc.a(_si_to_sf.o)
 .debug_aranges
                0x00000180       0x20 d:/embedded systems/avr/sdk/winavr/bin/../lib/gcc/avr/4.3.3/avr5\libgcc.a(_sf_to_si.o)
 .debug_aranges
                0x000001a0       0x20 d:/embedded systems/avr/sdk/winavr/bin/../lib/gcc/avr/4.3.3/avr5\libgcc.a(_usi_to_sf.o)
 .debug_aranges
                0x000001c0       0x20 d:/embedded systems/avr/sdk/winavr/bin/../lib/gcc/avr/4.3.3/avr5\libgcc.a(_lshrdi3.o)
 .debug_aranges
                0x000001e0       0x20 d:/embedded systems/avr/sdk/winavr/bin/../lib/gcc/avr/4.3.3/avr5\libgcc.a(_clzsi2.o)
 .debug_aranges
                0x00000200       0x20 d:/embedded systems/avr/sdk/winavr/bin/../lib/gcc/avr/4.3.3/avr5\libgcc.a(_pack_sf.o)
 .debug_aranges
                0x00000220       0x20 d:/embedded systems/avr/sdk/winavr/bin/../lib/gcc/avr/4.3.3/avr5\libgcc.a(_unpack_sf.o)
 .debug_aranges
                0x00000240       0x20 d:/embedded systems/avr/sdk/winavr/bin/../lib/gcc/avr/4.3.3/avr5\libgcc.a(_fpcmp_parts_sf.o)

.debug_pubnames
                0x00000000      0x2b7
 *(.debug_pubnames)
 .debug_pubnames
                0x00000000       0x1f d:/embedded systems/avr/sdk/winavr/bin/../lib/gcc/avr/4.3.3/avr5\libgcc.a(_muldi3.o)
 .debug_pubnames
                0x0000001f       0x20 d:/embedded systems/avr/sdk/winavr/bin/../lib/gcc/avr/4.3.3/avr5\libgcc.a(_ashldi3.o)
 .debug_pubnames
                0x0000003f       0x23 d:/embedded systems/avr/sdk/winavr/bin/../lib/gcc/avr/4.3.3/avr5\libgcc.a(_fixunssfsi.o)
 .debug_pubnames
                0x00000062       0x24 d:/embedded systems/avr/sdk/winavr/bin/../lib/gcc/avr/4.3.3/avr5\libgcc.a(_floatundisf.o)
 .debug_pubnames
                0x00000086       0x20 d:/embedded systems/avr/sdk/winavr/bin/../lib/gcc/avr/4.3.3/avr5\libgcc.a(_udivdi3.o)
 .debug_pubnames
                0x000000a6       0x2c d:/embedded systems/avr/sdk/winavr/bin/../lib/gcc/avr/4.3.3/avr5\libgcc.a(_addsub_sf.o)
 .debug_pubnames
                0x000000d2       0x1f d:/embedded systems/avr/sdk/winavr/bin/../lib/gcc/avr/4.3.3/avr5\libgcc.a(_mul_sf.o)
 .debug_pubnames
                0x000000f1       0x1f d:/embedded systems/avr/sdk/winavr/bin/../lib/gcc/avr/4.3.3/avr5\libgcc.a(_div_sf.o)
 .debug_pubnames
                0x00000110       0x1e d:/embedded systems/avr/sdk/winavr/bin/../lib/gcc/avr/4.3.3/avr5\libgcc.a(_gt_sf.o)
 .debug_pubnames
                0x0000012e       0x1e d:/embedded systems/avr/sdk/winavr/bin/../lib/gcc/avr/4.3.3/avr5\libgcc.a(_ge_sf.o)
 .debug_pubnames
                0x0000014c       0x1e d:/embedded systems/avr/sdk/winavr/bin/../lib/gcc/avr/4.3.3/avr5\libgcc.a(_lt_sf.o)
 .debug_pubnames
                0x0000016a       0x22 d:/embedded systems/avr/sdk/winavr/bin/../lib/gcc/avr/4.3.3/avr5\libgcc.a(_si_to_sf.o)
 .debug_pubnames
                0x0000018c       0x20 d:/embedded systems/avr/sdk/winavr/bin/../lib/gcc/avr/4.3.3/avr5\libgcc.a(_sf_to_si.o)
 .debug_pubnames
                0x000001ac       0x22 d:/embedded systems/avr/sdk/winavr/bin/../lib/gcc/avr/4.3.3/avr5\libgcc.a(_thenan_sf.o)
 .debug_pubnames
                0x000001ce       0x24 d:/embedded systems/avr/sdk/winavr/bin/../lib/gcc/avr/4.3.3/avr5\libgcc.a(_usi_to_sf.o)
 .debug_pubnames
                0x000001f2       0x20 d:/embedded systems/avr/sdk/winavr/bin/../lib/gcc/avr/4.3.3/avr5\libgcc.a(_lshrdi3.o)
 .debug_pubnames
                0x00000212       0x20 d:/embedded systems/avr/sdk/winavr/bin/../lib/gcc/avr/4.3.3/avr5\libgcc.a(_clz.o)
 .debug_pubnames
                0x00000232       0x1f d:/embedded systems/avr/sdk/winavr/bin/../lib/gcc/avr/4.3.3/avr5\libgcc.a(_clzsi2.o)
 .debug_pubnames
                0x00000251       0x1f d:/embedded systems/avr/sdk/winavr/bin/../lib/gcc/avr/4.3.3/avr5\libgcc.a(_pack_sf.o)
 .debug_pubnames
                0x00000270       0x21 d:/embedded systems/avr/sdk/winavr/bin/../lib/gcc/avr/4.3.3/avr5\libgcc.a(_unpack_sf.o)
 .debug_pubnames
                0x00000291       0x26 d:/embedded systems/avr/sdk/winavr/bin/../lib/gcc/avr/4.3.3/avr5\libgcc.a(_fpcmp_parts_sf.o)

.debug_info     0x00000000     0x3396
 *(.debug_info)
 .debug_info    0x00000000      0x206 d:/embedded systems/avr/sdk/winavr/bin/../lib/gcc/avr/4.3.3/avr5\libgcc.a(_muldi3.o)
 .debug_info    0x00000206      0x17f d:/embedded systems/avr/sdk/winavr/bin/../lib/gcc/avr/4.3.3/avr5\libgcc.a(_ashldi3.o)
 .debug_info    0x00000385       0xb1 d:/embedded systems/avr/sdk/winavr/bin/../lib/gcc/avr/4.3.3/avr5\libgcc.a(_fixunssfsi.o)
 .debug_info    0x00000436      0x162 d:/embedded systems/avr/sdk/winavr/bin/../lib/gcc/avr/4.3.3/avr5\libgcc.a(_floatundisf.o)
 .debug_info    0x00000598      0x71e d:/embedded systems/avr/sdk/winavr/bin/../lib/gcc/avr/4.3.3/avr5\libgcc.a(_udivdi3.o)
 .debug_info    0x00000cb6      0x47a d:/embedded systems/avr/sdk/winavr/bin/../lib/gcc/avr/4.3.3/avr5\libgcc.a(_addsub_sf.o)
 .debug_info    0x00001130      0x485 d:/embedded systems/avr/sdk/winavr/bin/../lib/gcc/avr/4.3.3/avr5\libgcc.a(_mul_sf.o)
 .debug_info    0x000015b5      0x3fc d:/embedded systems/avr/sdk/winavr/bin/../lib/gcc/avr/4.3.3/avr5\libgcc.a(_div_sf.o)
 .debug_info    0x000019b1      0x27f d:/embedded systems/avr/sdk/winavr/bin/../lib/gcc/avr/4.3.3/avr5\libgcc.a(_gt_sf.o)
 .debug_info    0x00001c30      0x27f d:/embedded systems/avr/sdk/winavr/bin/../lib/gcc/avr/4.3.3/avr5\libgcc.a(_ge_sf.o)
 .debug_info    0x00001eaf      0x27f d:/embedded systems/avr/sdk/winavr/bin/../lib/gcc/avr/4.3.3/avr5\libgcc.a(_lt_sf.o)
 .debug_info    0x0000212e      0x207 d:/embedded systems/avr/sdk/winavr/bin/../lib/gcc/avr/4.3.3/avr5\libgcc.a(_si_to_sf.o)
 .debug_info    0x00002335      0x2b0 d:/embedded systems/avr/sdk/winavr/bin/../lib/gcc/avr/4.3.3/avr5\libgcc.a(_sf_to_si.o)
 .debug_info    0x000025e5      0x12c d:/embedded systems/avr/sdk/winavr/bin/../lib/gcc/avr/4.3.3/avr5\libgcc.a(_thenan_sf.o)
 .debug_info    0x00002711      0x206 d:/embedded systems/avr/sdk/winavr/bin/../lib/gcc/avr/4.3.3/avr5\libgcc.a(_usi_to_sf.o)
 .debug_info    0x00002917      0x17f d:/embedded systems/avr/sdk/winavr/bin/../lib/gcc/avr/4.3.3/avr5\libgcc.a(_lshrdi3.o)
 .debug_info    0x00002a96       0xa9 d:/embedded systems/avr/sdk/winavr/bin/../lib/gcc/avr/4.3.3/avr5\libgcc.a(_clz.o)
 .debug_info    0x00002b3f      0x117 d:/embedded systems/avr/sdk/winavr/bin/../lib/gcc/avr/4.3.3/avr5\libgcc.a(_clzsi2.o)
 .debug_info    0x00002c56      0x2df d:/embedded systems/avr/sdk/winavr/bin/../lib/gcc/avr/4.3.3/avr5\libgcc.a(_pack_sf.o)
 .debug_info    0x00002f35      0x251 d:/embedded systems/avr/sdk/winavr/bin/../lib/gcc/avr/4.3.3/avr5\libgcc.a(_unpack_sf.o)
 .debug_info    0x00003186      0x210 d:/embedded systems/avr/sdk/winavr/bin/../lib/gcc/avr/4.3.3/avr5\libgcc.a(_fpcmp_parts_sf.o)
 *(.gnu.linkonce.wi.*)

.debug_abbrev   0x00000000     0x19ee
 *(.debug_abbrev)
 .debug_abbrev  0x00000000       0xf0 d:/embedded systems/avr/sdk/winavr/bin/../lib/gcc/avr/4.3.3/avr5\libgcc.a(_muldi3.o)
 .debug_abbrev  0x000000f0       0xee d:/embedded systems/avr/sdk/winavr/bin/../lib/gcc/avr/4.3.3/avr5\libgcc.a(_ashldi3.o)
 .debug_abbrev  0x000001de       0x5d d:/embedded systems/avr/sdk/winavr/bin/../lib/gcc/avr/4.3.3/avr5\libgcc.a(_fixunssfsi.o)
 .debug_abbrev  0x0000023b       0xd3 d:/embedded systems/avr/sdk/winavr/bin/../lib/gcc/avr/4.3.3/avr5\libgcc.a(_floatundisf.o)
 .debug_abbrev  0x0000030e      0x181 d:/embedded systems/avr/sdk/winavr/bin/../lib/gcc/avr/4.3.3/avr5\libgcc.a(_udivdi3.o)
 .debug_abbrev  0x0000048f      0x1ea d:/embedded systems/avr/sdk/winavr/bin/../lib/gcc/avr/4.3.3/avr5\libgcc.a(_addsub_sf.o)
 .debug_abbrev  0x00000679      0x21b d:/embedded systems/avr/sdk/winavr/bin/../lib/gcc/avr/4.3.3/avr5\libgcc.a(_mul_sf.o)
 .debug_abbrev  0x00000894      0x216 d:/embedded systems/avr/sdk/winavr/bin/../lib/gcc/avr/4.3.3/avr5\libgcc.a(_div_sf.o)
 .debug_abbrev  0x00000aaa      0x15a d:/embedded systems/avr/sdk/winavr/bin/../lib/gcc/avr/4.3.3/avr5\libgcc.a(_gt_sf.o)
 .debug_abbrev  0x00000c04      0x15a d:/embedded systems/avr/sdk/winavr/bin/../lib/gcc/avr/4.3.3/avr5\libgcc.a(_ge_sf.o)
 .debug_abbrev  0x00000d5e      0x15a d:/embedded systems/avr/sdk/winavr/bin/../lib/gcc/avr/4.3.3/avr5\libgcc.a(_lt_sf.o)
 .debug_abbrev  0x00000eb8      0x148 d:/embedded systems/avr/sdk/winavr/bin/../lib/gcc/avr/4.3.3/avr5\libgcc.a(_si_to_sf.o)
 .debug_abbrev  0x00001000      0x17f d:/embedded systems/avr/sdk/winavr/bin/../lib/gcc/avr/4.3.3/avr5\libgcc.a(_sf_to_si.o)
 .debug_abbrev  0x0000117f       0xad d:/embedded systems/avr/sdk/winavr/bin/../lib/gcc/avr/4.3.3/avr5\libgcc.a(_thenan_sf.o)
 .debug_abbrev  0x0000122c      0x157 d:/embedded systems/avr/sdk/winavr/bin/../lib/gcc/avr/4.3.3/avr5\libgcc.a(_usi_to_sf.o)
 .debug_abbrev  0x00001383       0xee d:/embedded systems/avr/sdk/winavr/bin/../lib/gcc/avr/4.3.3/avr5\libgcc.a(_lshrdi3.o)
 .debug_abbrev  0x00001471       0x6a d:/embedded systems/avr/sdk/winavr/bin/../lib/gcc/avr/4.3.3/avr5\libgcc.a(_clz.o)
 .debug_abbrev  0x000014db       0xc4 d:/embedded systems/avr/sdk/winavr/bin/../lib/gcc/avr/4.3.3/avr5\libgcc.a(_clzsi2.o)
 .debug_abbrev  0x0000159f      0x1c0 d:/embedded systems/avr/sdk/winavr/bin/../lib/gcc/avr/4.3.3/avr5\libgcc.a(_pack_sf.o)
 .debug_abbrev  0x0000175f      0x154 d:/embedded systems/avr/sdk/winavr/bin/../lib/gcc/avr/4.3.3/avr5\libgcc.a(_unpack_sf.o)
 .debug_abbrev  0x000018b3      0x13b d:/embedded systems/avr/sdk/winavr/bin/../lib/gcc/avr/4.3.3/avr5\libgcc.a(_fpcmp_parts_sf.o)

.debug_line     0x00000000     0x183d
 *(.debug_line)
 .debug_line    0x00000000       0xaf d:/embedded systems/avr/sdk/winavr/bin/../lib/gcc/avr/4.3.3/avr5\libgcc.a(_muldi3.o)
 .debug_line    0x000000af       0xd7 d:/embedded systems/avr/sdk/winavr/bin/../lib/gcc/avr/4.3.3/avr5\libgcc.a(_ashldi3.o)
 .debug_line    0x00000186       0xa7 d:/embedded systems/avr/sdk/winavr/bin/../lib/gcc/avr/4.3.3/avr5\libgcc.a(_fixunssfsi.o)
 .debug_line    0x0000022d       0xfd d:/embedded systems/avr/sdk/winavr/bin/../lib/gcc/avr/4.3.3/avr5\libgcc.a(_floatundisf.o)
 .debug_line    0x0000032a      0x1d8 d:/embedded systems/avr/sdk/winavr/bin/../lib/gcc/avr/4.3.3/avr5\libgcc.a(_udivdi3.o)
 .debug_line    0x00000502      0x2af d:/embedded systems/avr/sdk/winavr/bin/../lib/gcc/avr/4.3.3/avr5\libgcc.a(_addsub_sf.o)
 .debug_line    0x000007b1      0x239 d:/embedded systems/avr/sdk/winavr/bin/../lib/gcc/avr/4.3.3/avr5\libgcc.a(_mul_sf.o)
 .debug_line    0x000009ea      0x1d5 d:/embedded systems/avr/sdk/winavr/bin/../lib/gcc/avr/4.3.3/avr5\libgcc.a(_div_sf.o)
 .debug_line    0x00000bbf       0xd3 d:/embedded systems/avr/sdk/winavr/bin/../lib/gcc/avr/4.3.3/avr5\libgcc.a(_gt_sf.o)
 .debug_line    0x00000c92       0xd3 d:/embedded systems/avr/sdk/winavr/bin/../lib/gcc/avr/4.3.3/avr5\libgcc.a(_ge_sf.o)
 .debug_line    0x00000d65       0xd3 d:/embedded systems/avr/sdk/winavr/bin/../lib/gcc/avr/4.3.3/avr5\libgcc.a(_lt_sf.o)
 .debug_line    0x00000e38      0x135 d:/embedded systems/avr/sdk/winavr/bin/../lib/gcc/avr/4.3.3/avr5\libgcc.a(_si_to_sf.o)
 .debug_line    0x00000f6d      0x109 d:/embedded systems/avr/sdk/winavr/bin/../lib/gcc/avr/4.3.3/avr5\libgcc.a(_sf_to_si.o)
 .debug_line    0x00001076       0x90 d:/embedded systems/avr/sdk/winavr/bin/../lib/gcc/avr/4.3.3/avr5\libgcc.a(_thenan_sf.o)
 .debug_line    0x00001106      0x133 d:/embedded systems/avr/sdk/winavr/bin/../lib/gcc/avr/4.3.3/avr5\libgcc.a(_usi_to_sf.o)
 .debug_line    0x00001239       0xd7 d:/embedded systems/avr/sdk/winavr/bin/../lib/gcc/avr/4.3.3/avr5\libgcc.a(_lshrdi3.o)
 .debug_line    0x00001310       0x7c d:/embedded systems/avr/sdk/winavr/bin/../lib/gcc/avr/4.3.3/avr5\libgcc.a(_clz.o)
 .debug_line    0x0000138c       0xa5 d:/embedded systems/avr/sdk/winavr/bin/../lib/gcc/avr/4.3.3/avr5\libgcc.a(_clzsi2.o)
 .debug_line    0x00001431      0x18a d:/embedded systems/avr/sdk/winavr/bin/../lib/gcc/avr/4.3.3/avr5\libgcc.a(_pack_sf.o)
 .debug_line    0x000015bb      0x14b d:/embedded systems/avr/sdk/winavr/bin/../lib/gcc/avr/4.3.3/avr5\libgcc.a(_unpack_sf.o)
 .debug_line    0x00001706      0x137 d:/embedded systems/avr/sdk/winavr/bin/../lib/gcc/avr/4.3.3/avr5\libgcc.a(_fpcmp_parts_sf.o)

.debug_frame    0x00000000      0x280
 *(.debug_frame)
 .debug_frame   0x00000000       0x20 d:/embedded systems/avr/sdk/winavr/bin/../lib/gcc/avr/4.3.3/avr5\libgcc.a(_muldi3.o)
 .debug_frame   0x00000020       0x20 d:/embedded systems/avr/sdk/winavr/bin/../lib/gcc/avr/4.3.3/avr5\libgcc.a(_ashldi3.o)
 .debug_frame   0x00000040       0x20 d:/embedded systems/avr/sdk/winavr/bin/../lib/gcc/avr/4.3.3/avr5\libgcc.a(_fixunssfsi.o)
 .debug_frame   0x00000060       0x20 d:/embedded systems/avr/sdk/winavr/bin/../lib/gcc/avr/4.3.3/avr5\libgcc.a(_floatundisf.o)
 .debug_frame   0x00000080       0x20 d:/embedded systems/avr/sdk/winavr/bin/../lib/gcc/avr/4.3.3/avr5\libgcc.a(_udivdi3.o)
 .debug_frame   0x000000a0       0x40 d:/embedded systems/avr/sdk/winavr/bin/../lib/gcc/avr/4.3.3/avr5\libgcc.a(_addsub_sf.o)
 .debug_frame   0x000000e0       0x20 d:/embedded systems/avr/sdk/winavr/bin/../lib/gcc/avr/4.3.3/avr5\libgcc.a(_mul_sf.o)
 .debug_frame   0x00000100       0x20 d:/embedded systems/avr/sdk/winavr/bin/../lib/gcc/avr/4.3.3/avr5\libgcc.a(_div_sf.o)
 .debug_frame   0x00000120       0x20 d:/embedded systems/avr/sdk/winavr/bin/../lib/gcc/avr/4.3.3/avr5\libgcc.a(_gt_sf.o)
 .debug_frame   0x00000140       0x20 d:/embedded systems/avr/sdk/winavr/bin/../lib/gcc/avr/4.3.3/avr5\libgcc.a(_ge_sf.o)
 .debug_frame   0x00000160       0x20 d:/embedded systems/avr/sdk/winavr/bin/../lib/gcc/avr/4.3.3/avr5\libgcc.a(_lt_sf.o)
 .debug_frame   0x00000180       0x20 d:/embedded systems/avr/sdk/winavr/bin/../lib/gcc/avr/4.3.3/avr5\libgcc.a(_si_to_sf.o)
 .debug_frame   0x000001a0       0x20 d:/embedded systems/avr/sdk/winavr/bin/../lib/gcc/avr/4.3.3/avr5\libgcc.a(_sf_to_si.o)
 .debug_frame   0x000001c0       0x20 d:/embedded systems/avr/sdk/winavr/bin/../lib/gcc/avr/4.3.3/avr5\libgcc.a(_usi_to_sf.o)
 .debug_frame   0x000001e0       0x20 d:/embedded systems/avr/sdk/winavr/bin/../lib/gcc/avr/4.3.3/avr5\libgcc.a(_lshrdi3.o)
 .debug_frame   0x00000200       0x20 d:/embedded systems/avr/sdk/winavr/bin/../lib/gcc/avr/4.3.3/avr5\libgcc.a(_clzsi2.o)
 .debug_frame   0x00000220       0x20 d:/embedded systems/avr/sdk/winavr/bin/../lib/gcc/avr/4.3.3/avr5\libgcc.a(_pack_sf.o)
 .debug_frame   0x00000240       0x20 d:/embedded systems/avr/sdk/winavr/bin/../lib/gcc/avr/4.3.3/avr5\libgcc.a(_unpack_sf.o)
 .debug_frame   0x00000260       0x20 d:/embedded systems/avr/sdk/winavr/bin/../lib/gcc/avr/4.3.3/avr5\libgcc.a(_fpcmp_parts_sf.o)

.debug_str      0x00000000      0x3c7
 *(.debug_str)
 .debug_str     0x00000000       0xed d:/embedded systems/avr/sdk/winavr/bin/../lib/gcc/avr/4.3.3/avr5\libgcc.a(_muldi3.o)
                                0x13f (size before relaxing)
 .debug_str     0x000000ed       0x23 d:/embedded systems/avr/sdk/winavr/bin/../lib/gcc/avr/4.3.3/avr5\libgcc.a(_ashldi3.o)
                                0x131 (size before relaxing)
 .debug_str     0x00000110       0x14 d:/embedded systems/avr/sdk/winavr/bin/../lib/gcc/avr/4.3.3/avr5\libgcc.a(_fixunssfsi.o)
                                 0xfe (size before relaxing)
 .debug_str     0x00000124       0x39 d:/embedded systems/avr/sdk/winavr/bin/../lib/gcc/avr/4.3.3/avr5\libgcc.a(_floatundisf.o)
                                0x12a (size before relaxing)
 .debug_str     0x0000015d       0x35 d:/embedded systems/avr/sdk/winavr/bin/../lib/gcc/avr/4.3.3/avr5\libgcc.a(_udivdi3.o)
                                0x18a (size before relaxing)
 .debug_str     0x00000192      0x14d d:/embedded systems/avr/sdk/winavr/bin/../lib/gcc/avr/4.3.3/avr5\libgcc.a(_addsub_sf.o)
                                0x206 (size before relaxing)
 .debug_str     0x000002df       0x27 d:/embedded systems/avr/sdk/winavr/bin/../lib/gcc/avr/4.3.3/avr5\libgcc.a(_mul_sf.o)
                                0x1bf (size before relaxing)
 .debug_str     0x00000306       0x35 d:/embedded systems/avr/sdk/winavr/bin/../lib/gcc/avr/4.3.3/avr5\libgcc.a(_div_sf.o)
                                0x1c8 (size before relaxing)
 .debug_str     0x0000033b        0x8 d:/embedded systems/avr/sdk/winavr/bin/../lib/gcc/avr/4.3.3/avr5\libgcc.a(_gt_sf.o)
                                0x195 (size before relaxing)
 .debug_str     0x00000343        0x8 d:/embedded systems/avr/sdk/winavr/bin/../lib/gcc/avr/4.3.3/avr5\libgcc.a(_ge_sf.o)
                                0x195 (size before relaxing)
 .debug_str     0x0000034b        0x8 d:/embedded systems/avr/sdk/winavr/bin/../lib/gcc/avr/4.3.3/avr5\libgcc.a(_lt_sf.o)
                                0x195 (size before relaxing)
 .debug_str     0x00000353       0x18 d:/embedded systems/avr/sdk/winavr/bin/../lib/gcc/avr/4.3.3/avr5\libgcc.a(_si_to_sf.o)
                                0x17b (size before relaxing)
 .debug_str     0x0000036b        0xa d:/embedded systems/avr/sdk/winavr/bin/../lib/gcc/avr/4.3.3/avr5\libgcc.a(_sf_to_si.o)
                                0x19e (size before relaxing)
 .debug_str     0x00000000      0x103 d:/embedded systems/avr/sdk/winavr/bin/../lib/gcc/avr/4.3.3/avr5\libgcc.a(_thenan_sf.o)
 .debug_str     0x00000375       0x14 d:/embedded systems/avr/sdk/winavr/bin/../lib/gcc/avr/4.3.3/avr5\libgcc.a(_usi_to_sf.o)
                                0x177 (size before relaxing)
 .debug_str     0x00000389        0xa d:/embedded systems/avr/sdk/winavr/bin/../lib/gcc/avr/4.3.3/avr5\libgcc.a(_lshrdi3.o)
                                0x131 (size before relaxing)
 .debug_str     0x00000000       0xf4 d:/embedded systems/avr/sdk/winavr/bin/../lib/gcc/avr/4.3.3/avr5\libgcc.a(_clz.o)
 .debug_str     0x00000393        0x9 d:/embedded systems/avr/sdk/winavr/bin/../lib/gcc/avr/4.3.3/avr5\libgcc.a(_clzsi2.o)
                                0x111 (size before relaxing)
 .debug_str     0x0000039c       0x10 d:/embedded systems/avr/sdk/winavr/bin/../lib/gcc/avr/4.3.3/avr5\libgcc.a(_pack_sf.o)
                                0x19d (size before relaxing)
 .debug_str     0x000003ac        0xb d:/embedded systems/avr/sdk/winavr/bin/../lib/gcc/avr/4.3.3/avr5\libgcc.a(_unpack_sf.o)
                                0x17f (size before relaxing)
 .debug_str     0x000003b7       0x10 d:/embedded systems/avr/sdk/winavr/bin/../lib/gcc/avr/4.3.3/avr5\libgcc.a(_fpcmp_parts_sf.o)
                                0x163 (size before relaxing)

.debug_loc      0x00000000     0x1d34
 *(.debug_loc)
 .debug_loc     0x00000000       0xcc d:/embedded systems/avr/sdk/winavr/bin/../lib/gcc/avr/4.3.3/avr5\libgcc.a(_muldi3.o)
 .debug_loc     0x000000cc       0xf8 d:/embedded systems/avr/sdk/winavr/bin/../lib/gcc/avr/4.3.3/avr5\libgcc.a(_ashldi3.o)
 .debug_loc     0x000001c4       0x34 d:/embedded systems/avr/sdk/winavr/bin/../lib/gcc/avr/4.3.3/avr5\libgcc.a(_fixunssfsi.o)
 .debug_loc     0x000001f8      0x1ea d:/embedded systems/avr/sdk/winavr/bin/../lib/gcc/avr/4.3.3/avr5\libgcc.a(_floatundisf.o)
 .debug_loc     0x000003e2      0xe74 d:/embedded systems/avr/sdk/winavr/bin/../lib/gcc/avr/4.3.3/avr5\libgcc.a(_udivdi3.o)
 .debug_loc     0x00001256      0x32a d:/embedded systems/avr/sdk/winavr/bin/../lib/gcc/avr/4.3.3/avr5\libgcc.a(_addsub_sf.o)
 .debug_loc     0x00001580      0x104 d:/embedded systems/avr/sdk/winavr/bin/../lib/gcc/avr/4.3.3/avr5\libgcc.a(_mul_sf.o)
 .debug_loc     0x00001684       0xc0 d:/embedded systems/avr/sdk/winavr/bin/../lib/gcc/avr/4.3.3/avr5\libgcc.a(_div_sf.o)
 .debug_loc     0x00001744       0x3c d:/embedded systems/avr/sdk/winavr/bin/../lib/gcc/avr/4.3.3/avr5\libgcc.a(_gt_sf.o)
 .debug_loc     0x00001780       0x3c d:/embedded systems/avr/sdk/winavr/bin/../lib/gcc/avr/4.3.3/avr5\libgcc.a(_ge_sf.o)
 .debug_loc     0x000017bc       0x3c d:/embedded systems/avr/sdk/winavr/bin/../lib/gcc/avr/4.3.3/avr5\libgcc.a(_lt_sf.o)
 .debug_loc     0x000017f8       0xac d:/embedded systems/avr/sdk/winavr/bin/../lib/gcc/avr/4.3.3/avr5\libgcc.a(_si_to_sf.o)
 .debug_loc     0x000018a4       0x7e d:/embedded systems/avr/sdk/winavr/bin/../lib/gcc/avr/4.3.3/avr5\libgcc.a(_sf_to_si.o)
 .debug_loc     0x00001922       0x4c d:/embedded systems/avr/sdk/winavr/bin/../lib/gcc/avr/4.3.3/avr5\libgcc.a(_usi_to_sf.o)
 .debug_loc     0x0000196e       0xf8 d:/embedded systems/avr/sdk/winavr/bin/../lib/gcc/avr/4.3.3/avr5\libgcc.a(_lshrdi3.o)
 .debug_loc     0x00001a66       0x94 d:/embedded systems/avr/sdk/winavr/bin/../lib/gcc/avr/4.3.3/avr5\libgcc.a(_clzsi2.o)
 .debug_loc     0x00001afa      0x13e d:/embedded systems/avr/sdk/winavr/bin/../lib/gcc/avr/4.3.3/avr5\libgcc.a(_pack_sf.o)
 .debug_loc     0x00001c38       0xac d:/embedded systems/avr/sdk/winavr/bin/../lib/gcc/avr/4.3.3/avr5\libgcc.a(_unpack_sf.o)
 .debug_loc     0x00001ce4       0x50 d:/embedded systems/avr/sdk/winavr/bin/../lib/gcc/avr/4.3.3/avr5\libgcc.a(_fpcmp_parts_sf.o)

.debug_macinfo
 *(.debug_macinfo)
OUTPUT(CURT1.elf elf32-avr)
LOAD linker stubs

.debug_ranges   0x00000000       0x68
 .debug_ranges  0x00000000       0x18 d:/embedded systems/avr/sdk/winavr/bin/../lib/gcc/avr/4.3.3/avr5\libgcc.a(_udivdi3.o)
 .debug_ranges  0x00000018       0x50 d:/embedded systems/avr/sdk/winavr/bin/../lib/gcc/avr/4.3.3/avr5\libgcc.a(_mul_sf.o)
