Archive member included to satisfy reference by file (symbol)

c:/st/stm32cubeide_1.6.1/stm32cubeide/plugins/com.st.stm32cube.ide.mcu.externaltools.gnu-tools-for-stm32.9-2020-q2-update.win32_1.5.0.202011040924/tools/bin/../lib/gcc/arm-none-eabi/9.3.1/../../../../arm-none-eabi/lib/thumb/v7-m/nofp\libc_nano.a(lib_a-errno.o)
                              Src/syscalls.o (__errno)
c:/st/stm32cubeide_1.6.1/stm32cubeide/plugins/com.st.stm32cube.ide.mcu.externaltools.gnu-tools-for-stm32.9-2020-q2-update.win32_1.5.0.202011040924/tools/bin/../lib/gcc/arm-none-eabi/9.3.1/../../../../arm-none-eabi/lib/thumb/v7-m/nofp\libc_nano.a(lib_a-exit.o)
                              c:/st/stm32cubeide_1.6.1/stm32cubeide/plugins/com.st.stm32cube.ide.mcu.externaltools.gnu-tools-for-stm32.9-2020-q2-update.win32_1.5.0.202011040924/tools/bin/../lib/gcc/arm-none-eabi/9.3.1/../../../../arm-none-eabi/lib/thumb/v7-m/nofp/crt0.o (exit)
c:/st/stm32cubeide_1.6.1/stm32cubeide/plugins/com.st.stm32cube.ide.mcu.externaltools.gnu-tools-for-stm32.9-2020-q2-update.win32_1.5.0.202011040924/tools/bin/../lib/gcc/arm-none-eabi/9.3.1/../../../../arm-none-eabi/lib/thumb/v7-m/nofp\libc_nano.a(lib_a-impure.o)
                              c:/st/stm32cubeide_1.6.1/stm32cubeide/plugins/com.st.stm32cube.ide.mcu.externaltools.gnu-tools-for-stm32.9-2020-q2-update.win32_1.5.0.202011040924/tools/bin/../lib/gcc/arm-none-eabi/9.3.1/../../../../arm-none-eabi/lib/thumb/v7-m/nofp\libc_nano.a(lib_a-exit.o) (_global_impure_ptr)
c:/st/stm32cubeide_1.6.1/stm32cubeide/plugins/com.st.stm32cube.ide.mcu.externaltools.gnu-tools-for-stm32.9-2020-q2-update.win32_1.5.0.202011040924/tools/bin/../lib/gcc/arm-none-eabi/9.3.1/../../../../arm-none-eabi/lib/thumb/v7-m/nofp\libc_nano.a(lib_a-init.o)
                              c:/st/stm32cubeide_1.6.1/stm32cubeide/plugins/com.st.stm32cube.ide.mcu.externaltools.gnu-tools-for-stm32.9-2020-q2-update.win32_1.5.0.202011040924/tools/bin/../lib/gcc/arm-none-eabi/9.3.1/../../../../arm-none-eabi/lib/thumb/v7-m/nofp/crt0.o (__libc_init_array)
c:/st/stm32cubeide_1.6.1/stm32cubeide/plugins/com.st.stm32cube.ide.mcu.externaltools.gnu-tools-for-stm32.9-2020-q2-update.win32_1.5.0.202011040924/tools/bin/../lib/gcc/arm-none-eabi/9.3.1/../../../../arm-none-eabi/lib/thumb/v7-m/nofp\libc_nano.a(lib_a-memcpy-stub.o)
                              RTOS/Source/queue.o (memcpy)
c:/st/stm32cubeide_1.6.1/stm32cubeide/plugins/com.st.stm32cube.ide.mcu.externaltools.gnu-tools-for-stm32.9-2020-q2-update.win32_1.5.0.202011040924/tools/bin/../lib/gcc/arm-none-eabi/9.3.1/../../../../arm-none-eabi/lib/thumb/v7-m/nofp\libc_nano.a(lib_a-memset.o)
                              c:/st/stm32cubeide_1.6.1/stm32cubeide/plugins/com.st.stm32cube.ide.mcu.externaltools.gnu-tools-for-stm32.9-2020-q2-update.win32_1.5.0.202011040924/tools/bin/../lib/gcc/arm-none-eabi/9.3.1/../../../../arm-none-eabi/lib/thumb/v7-m/nofp/crt0.o (memset)

Allocating common symbols
Common symbol       size              file

taskHandle_t5       0x4               Src/main.o
taskHandle_t3       0x4               Src/main.o
x                   0x1               Src/APP.o
taskHandle_t2       0x4               Src/main.o
taskHandle_t1       0x4               Src/main.o
xQueue1             0x4               Src/APP.o
taskHandle_t4       0x4               Src/main.o
received_string     0x64              Src/UART_Program.o

Discarded input sections

 .text          0x0000000000000000        0x0 c:/st/stm32cubeide_1.6.1/stm32cubeide/plugins/com.st.stm32cube.ide.mcu.externaltools.gnu-tools-for-stm32.9-2020-q2-update.win32_1.5.0.202011040924/tools/bin/../lib/gcc/arm-none-eabi/9.3.1/thumb/v7-m/nofp/crti.o
 .data          0x0000000000000000        0x0 c:/st/stm32cubeide_1.6.1/stm32cubeide/plugins/com.st.stm32cube.ide.mcu.externaltools.gnu-tools-for-stm32.9-2020-q2-update.win32_1.5.0.202011040924/tools/bin/../lib/gcc/arm-none-eabi/9.3.1/thumb/v7-m/nofp/crti.o
 .bss           0x0000000000000000        0x0 c:/st/stm32cubeide_1.6.1/stm32cubeide/plugins/com.st.stm32cube.ide.mcu.externaltools.gnu-tools-for-stm32.9-2020-q2-update.win32_1.5.0.202011040924/tools/bin/../lib/gcc/arm-none-eabi/9.3.1/thumb/v7-m/nofp/crti.o
 .data          0x0000000000000000        0x4 c:/st/stm32cubeide_1.6.1/stm32cubeide/plugins/com.st.stm32cube.ide.mcu.externaltools.gnu-tools-for-stm32.9-2020-q2-update.win32_1.5.0.202011040924/tools/bin/../lib/gcc/arm-none-eabi/9.3.1/thumb/v7-m/nofp/crtbegin.o
 .text          0x0000000000000000       0x7c c:/st/stm32cubeide_1.6.1/stm32cubeide/plugins/com.st.stm32cube.ide.mcu.externaltools.gnu-tools-for-stm32.9-2020-q2-update.win32_1.5.0.202011040924/tools/bin/../lib/gcc/arm-none-eabi/9.3.1/../../../../arm-none-eabi/lib/thumb/v7-m/nofp/crt0.o
[...]
Memory Configuration

Name             Origin             Length             Attributes
RAM              0x0000000020000000 0x0000000000005000 xrw
FLASH            0x0000000008000000 0x0000000000010000 xr
*default*        0x0000000000000000 0xffffffffffffffff

Linker script and memory map

LOAD c:/st/stm32cubeide_1.6.1/stm32cubeide/plugins/com.st.stm32cube.ide.mcu.externaltools.gnu-tools-for-stm32.9-2020-q2-update.win32_1.5.0.202011040924/tools/bin/../lib/gcc/arm-none-eabi/9.3.1/thumb/v7-m/nofp/crti.o
LOAD c:/st/stm32cubeide_1.6.1/stm32cubeide/plugins/com.st.stm32cube.ide.mcu.externaltools.gnu-tools-for-stm32.9-2020-q2-update.win32_1.5.0.202011040924/tools/bin/../lib/gcc/arm-none-eabi/9.3.1/thumb/v7-m/nofp/crtbegin.o
LOAD c:/st/stm32cubeide_1.6.1/stm32cubeide/plugins/com.st.stm32cube.ide.mcu.externaltools.gnu-tools-for-stm32.9-2020-q2-update.win32_1.5.0.202011040924/tools/bin/../lib/gcc/arm-none-eabi/9.3.1/../../../../arm-none-eabi/lib/thumb/v7-m/nofp/crt0.o
LOAD RTOS/Source/croutine.o
LOAD RTOS/Source/event_groups.o
LOAD RTOS/Source/list.o
LOAD RTOS/Source/queue.o
LOAD RTOS/Source/stream_buffer.o
LOAD RTOS/Source/tasks.o
LOAD RTOS/Source/timers.o
LOAD RTOS/Source/portable/GCC/ARM_CM3/port.o
LOAD RTOS/Source/portable/MemMang/heap_4.o
LOAD Src/APP.o
LOAD Src/HSSD_prg.o
LOAD Src/MGPIO_prg.o
LOAD Src/MRCC_prg.o
LOAD Src/UART_Program.o
LOAD Src/UART_cfg.o
LOAD Src/main.o
LOAD Src/syscalls.o
LOAD Src/sysmem.o
LOAD Startup/startup_stm32f103c8tx.o
START GROUP
LOAD c:/st/stm32cubeide_1.6.1/stm32cubeide/plugins/com.st.stm32cube.ide.mcu.externaltools.gnu-tools-for-stm32.9-2020-q2-update.win32_1.5.0.202011040924/tools/bin/../lib/gcc/arm-none-eabi/9.3.1/../../../../arm-none-eabi/lib/thumb/v7-m/nofp\libc_nano.a
LOAD c:/st/stm32cubeide_1.6.1/stm32cubeide/plugins/com.st.stm32cube.ide.mcu.externaltools.gnu-tools-for-stm32.9-2020-q2-update.win32_1.5.0.202011040924/tools/bin/../lib/gcc/arm-none-eabi/9.3.1/../../../../arm-none-eabi/lib/thumb/v7-m/nofp\libm.a
END GROUP
START GROUP
LOAD c:/st/stm32cubeide_1.6.1/stm32cubeide/plugins/com.st.stm32cube.ide.mcu.externaltools.gnu-tools-for-stm32.9-2020-q2-update.win32_1.5.0.202011040924/tools/bin/../lib/gcc/arm-none-eabi/9.3.1/thumb/v7-m/nofp\libgcc.a
LOAD c:/st/stm32cubeide_1.6.1/stm32cubeide/plugins/com.st.stm32cube.ide.mcu.externaltools.gnu-tools-for-stm32.9-2020-q2-update.win32_1.5.0.202011040924/tools/bin/../lib/gcc/arm-none-eabi/9.3.1/../../../../arm-none-eabi/lib/thumb/v7-m/nofp\libc_nano.a
END GROUP
START GROUP
LOAD c:/st/stm32cubeide_1.6.1/stm32cubeide/plugins/com.st.stm32cube.ide.mcu.externaltools.gnu-tools-for-stm32.9-2020-q2-update.win32_1.5.0.202011040924/tools/bin/../lib/gcc/arm-none-eabi/9.3.1/thumb/v7-m/nofp\libgcc.a
LOAD c:/st/stm32cubeide_1.6.1/stm32cubeide/plugins/com.st.stm32cube.ide.mcu.externaltools.gnu-tools-for-stm32.9-2020-q2-update.win32_1.5.0.202011040924/tools/bin/../lib/gcc/arm-none-eabi/9.3.1/../../../../arm-none-eabi/lib/thumb/v7-m/nofp\libc_nano.a
LOAD c:/st/stm32cubeide_1.6.1/stm32cubeide/plugins/com.st.stm32cube.ide.mcu.externaltools.gnu-tools-for-stm32.9-2020-q2-update.win32_1.5.0.202011040924/tools/bin/../lib/gcc/arm-none-eabi/9.3.1/../../../../arm-none-eabi/lib/thumb/v7-m/nofp\libnosys.a
END GROUP
START GROUP
LOAD c:/st/stm32cubeide_1.6.1/stm32cubeide/plugins/com.st.stm32cube.ide.mcu.externaltools.gnu-tools-for-stm32.9-2020-q2-update.win32_1.5.0.202011040924/tools/bin/../lib/gcc/arm-none-eabi/9.3.1/thumb/v7-m/nofp\libgcc.a
LOAD c:/st/stm32cubeide_1.6.1/stm32cubeide/plugins/com.st.stm32cube.ide.mcu.externaltools.gnu-tools-for-stm32.9-2020-q2-update.win32_1.5.0.202011040924/tools/bin/../lib/gcc/arm-none-eabi/9.3.1/../../../../arm-none-eabi/lib/thumb/v7-m/nofp\libc_nano.a
LOAD c:/st/stm32cubeide_1.6.1/stm32cubeide/plugins/com.st.stm32cube.ide.mcu.externaltools.gnu-tools-for-stm32.9-2020-q2-update.win32_1.5.0.202011040924/tools/bin/../lib/gcc/arm-none-eabi/9.3.1/../../../../arm-none-eabi/lib/thumb/v7-m/nofp\libnosys.a
END GROUP
LOAD c:/st/stm32cubeide_1.6.1/stm32cubeide/plugins/com.st.stm32cube.ide.mcu.externaltools.gnu-tools-for-stm32.9-2020-q2-update.win32_1.5.0.202011040924/tools/bin/../lib/gcc/arm-none-eabi/9.3.1/thumb/v7-m/nofp/crtend.o
LOAD c:/st/stm32cubeide_1.6.1/stm32cubeide/plugins/com.st.stm32cube.ide.mcu.externaltools.gnu-tools-for-stm32.9-2020-q2-update.win32_1.5.0.202011040924/tools/bin/../lib/gcc/arm-none-eabi/9.3.1/thumb/v7-m/nofp/crtn.o
                0x0000000020005000                _estack = (ORIGIN (RAM) + LENGTH (RAM))
                0x0000000000000200                _Min_Heap_Size = 0x200
                0x0000000000000400                _Min_Stack_Size = 0x400

.isr_vector     0x0000000008000000      0x130
                0x0000000008000000                . = ALIGN (0x4)
 *(.isr_vector)
 .isr_vector    0x0000000008000000      0x130 Startup/startup_stm32f103c8tx.o
                0x0000000008000000                g_pfnVectors
                0x0000000008000130                . = ALIGN (0x4)

.text           0x0000000008000130     0x2e00
                0x0000000008000130                . = ALIGN (0x4)
 *(.text)
 .text          0x0000000008000130       0x40 c:/st/stm32cubeide_1.6.1/stm32cubeide/plugins/com.st.stm32cube.ide.mcu.externaltools.gnu-tools-for-stm32.9-2020-q2-update.win32_1.5.0.202011040924/tools/bin/../lib/gcc/arm-none-eabi/9.3.1/thumb/v7-m/nofp/crtbegin.o
 *(.text*)
 .text.vListInitialise
                0x0000000008000170       0x3e RTOS/Source/list.o
                0x0000000008000170                vListInitialise
 .text.vListInitialiseItem
                0x00000000080001ae       0x18 RTOS/Source/list.o
                0x00000000080001ae                vListInitialiseItem
 .text.vListInsertEnd
                0x00000000080001c6       0x46 RTOS/Source/list.o
                0x00000000080001c6                vListInsertEnd
 .text.vListInsert
                0x000000000800020c       0x70 RTOS/Source/list.o
                0x000000000800020c                vListInsert
 .text.uxListRemove
                0x000000000800027c       0x52 RTOS/Source/list.o
                0x000000000800027c                uxListRemove
 *fill*         0x00000000080002ce        0x2 
 .text.xQueueGenericReset
                0x00000000080002d0       0xd0 RTOS/Source/queue.o
                0x00000000080002d0                xQueueGenericReset
 .text.xQueueGenericCreate
                0x00000000080003a0       0xbe RTOS/Source/queue.o
                0x00000000080003a0                xQueueGenericCreate
 .text.prvInitialiseNewQueue
                0x000000000800045e       0x3e RTOS/Source/queue.o
 .text.xQueueGenericSend
                0x000000000800049c      0x1cc RTOS/Source/queue.o
                0x000000000800049c                xQueueGenericSend
 .text.xQueueReceive
                0x0000000008000668      0x190 RTOS/Source/queue.o
                0x0000000008000668                xQueueReceive
 .text.prvCopyDataToQueue
                0x00000000080007f8       0xd4 RTOS/Source/queue.o
 .text.prvCopyDataFromQueue
                0x00000000080008cc       0x4c RTOS/Source/queue.o
 .text.prvUnlockQueue
                0x0000000008000918       0xa4 RTOS/Source/queue.o
 .text.prvIsQueueEmpty
                0x00000000080009bc       0x2c RTOS/Source/queue.o
 .text.prvIsQueueFull
                0x00000000080009e8       0x30 RTOS/Source/queue.o
 .text.xTaskCreate
                0x0000000008000a18       0x82 RTOS/Source/tasks.o
                0x0000000008000a18                xTaskCreate
 .text.prvInitialiseNewTask
                0x0000000008000a9a      0x11c RTOS/Source/tasks.o
 *fill*         0x0000000008000bb6        0x2 
 .text.prvAddNewTaskToReadyList
                0x0000000008000bb8       0xd4 RTOS/Source/tasks.o
 .text.vTaskDelete
                0x0000000008000c8c      0x120 RTOS/Source/tasks.o
                0x0000000008000c8c                vTaskDelete
 .text.vTaskSuspend
                0x0000000008000dac      0x140 RTOS/Source/tasks.o
                0x0000000008000dac                vTaskSuspend
 .text.prvTaskIsTaskSuspended
                0x0000000008000eec       0x60 RTOS/Source/tasks.o
 .text.vTaskResume
                0x0000000008000f4c       0xbc RTOS/Source/tasks.o
                0x0000000008000f4c                vTaskResume
 .text.vTaskStartScheduler
                0x0000000008001008       0x98 RTOS/Source/tasks.o
                0x0000000008001008                vTaskStartScheduler
 .text.vTaskSuspendAll
                0x00000000080010a0       0x1c RTOS/Source/tasks.o
                0x00000000080010a0                vTaskSuspendAll
 .text.xTaskResumeAll
                0x00000000080010bc      0x138 RTOS/Source/tasks.o
                0x00000000080010bc                xTaskResumeAll
 .text.xTaskIncrementTick
                0x00000000080011f4      0x170 RTOS/Source/tasks.o
                0x00000000080011f4                xTaskIncrementTick
 .text.vTaskSwitchContext
                0x0000000008001364       0xb4 RTOS/Source/tasks.o
                0x0000000008001364                vTaskSwitchContext
 .text.vTaskPlaceOnEventList
                0x0000000008001418       0x48 RTOS/Source/tasks.o
                0x0000000008001418                vTaskPlaceOnEventList
 .text.xTaskRemoveFromEventList
                0x0000000008001460       0xc4 RTOS/Source/tasks.o
                0x0000000008001460                xTaskRemoveFromEventList
 .text.vTaskInternalSetTimeOutState
                0x0000000008001524       0x2c RTOS/Source/tasks.o
                0x0000000008001524                vTaskInternalSetTimeOutState
 .text.xTaskCheckForTimeOut
                0x0000000008001550       0xcc RTOS/Source/tasks.o
                0x0000000008001550                xTaskCheckForTimeOut
 .text.vTaskMissedYield
                0x000000000800161c       0x18 RTOS/Source/tasks.o
                0x000000000800161c                vTaskMissedYield
 .text.prvIdleTask
                0x0000000008001634       0x30 RTOS/Source/tasks.o
 .text.prvInitialiseTaskLists
                0x0000000008001664       0x80 RTOS/Source/tasks.o
 .text.prvCheckTasksWaitingTermination
                0x00000000080016e4       0x5c RTOS/Source/tasks.o
 .text.prvDeleteTCB
                0x0000000008001740       0x20 RTOS/Source/tasks.o
 .text.prvResetNextTaskUnblockTime
                0x0000000008001760       0x34 RTOS/Source/tasks.o
 .text.xTaskPriorityDisinherit
                0x0000000008001794       0xf4 RTOS/Source/tasks.o
                0x0000000008001794                xTaskPriorityDisinherit
 .text.ulTaskGenericNotifyTake
                0x0000000008001888       0xd8 RTOS/Source/tasks.o
                0x0000000008001888                ulTaskGenericNotifyTake
 .text.xTaskGenericNotify
                0x0000000008001960      0x1d0 RTOS/Source/tasks.o
                0x0000000008001960                xTaskGenericNotify
 .text.prvAddCurrentTaskToDelayedList
                0x0000000008001b30       0xcc RTOS/Source/tasks.o
 .text.pxPortInitialiseStack
                0x0000000008001bfc       0x58 RTOS/Source/portable/GCC/ARM_CM3/port.o
                0x0000000008001bfc                pxPortInitialiseStack
 .text.prvTaskExitError
                0x0000000008001c54       0x58 RTOS/Source/portable/GCC/ARM_CM3/port.o
 *fill*         0x0000000008001cac        0x4 
 .text.SVC_Handler
                0x0000000008001cb0       0x28 RTOS/Source/portable/GCC/ARM_CM3/port.o
                0x0000000008001cb0                SVC_Handler
 .text.prvPortStartFirstTask
                0x0000000008001cd8       0x24 RTOS/Source/portable/GCC/ARM_CM3/port.o
 .text.xPortStartScheduler
                0x0000000008001cfc       0xc0 RTOS/Source/portable/GCC/ARM_CM3/port.o
                0x0000000008001cfc                xPortStartScheduler
 .text.vPortEnterCritical
                0x0000000008001dbc       0x60 RTOS/Source/portable/GCC/ARM_CM3/port.o
                0x0000000008001dbc                vPortEnterCritical
 .text.vPortExitCritical
                0x0000000008001e1c       0x50 RTOS/Source/portable/GCC/ARM_CM3/port.o
                0x0000000008001e1c                vPortExitCritical
 *fill*         0x0000000008001e6c        0x4 
 .text.PendSV_Handler
                0x0000000008001e70       0x48 RTOS/Source/portable/GCC/ARM_CM3/port.o
                0x0000000008001e70                PendSV_Handler
 .text.SysTick_Handler
                0x0000000008001eb8       0x44 RTOS/Source/portable/GCC/ARM_CM3/port.o
                0x0000000008001eb8                SysTick_Handler
 .text.vPortSetupTimerInterrupt
                0x0000000008001efc       0x34 RTOS/Source/portable/GCC/ARM_CM3/port.o
                0x0000000008001efc                vPortSetupTimerInterrupt
 .text.pvPortMalloc
                0x0000000008001f30      0x1c0 RTOS/Source/portable/MemMang/heap_4.o
                0x0000000008001f30                pvPortMalloc
 .text.vPortFree
                0x00000000080020f0       0xc4 RTOS/Source/portable/MemMang/heap_4.o
                0x00000000080020f0                vPortFree
 .text.prvHeapInit
                0x00000000080021b4       0xc4 RTOS/Source/portable/MemMang/heap_4.o
 .text.prvInsertBlockIntoFreeList
                0x0000000008002278       0xb0 RTOS/Source/portable/MemMang/heap_4.o
 .text.Task_Init
                0x0000000008002328       0x84 Src/APP.o
                0x0000000008002328                Task_Init
 .text.Task_manager
                0x00000000080023ac       0x68 Src/APP.o
                0x00000000080023ac                Task_manager
 .text.Task_Action
                0x0000000008002414       0x9c Src/APP.o
                0x0000000008002414                Task_Action
 .text.Task_led
                0x00000000080024b0       0x48 Src/APP.o
                0x00000000080024b0                Task_led
 .text.Task_LCD
                0x00000000080024f8       0x48 Src/APP.o
                0x00000000080024f8                Task_LCD
 .text.Port_SetPinDirection
                0x0000000008002540      0x15c Src/MGPIO_prg.o
                0x0000000008002540                Port_SetPinDirection
 .text.Port_SetPinMode
                0x000000000800269c       0xdc Src/MGPIO_prg.o
                0x000000000800269c                Port_SetPinMode
 .text.Dio_WriteChannel
                0x0000000008002778       0xe8 Src/MGPIO_prg.o
                0x0000000008002778                Dio_WriteChannel
 .text.RCC_voidInitializeSystemClock
                0x0000000008002860       0xd0 Src/MRCC_prg.o
                0x0000000008002860                RCC_voidInitializeSystemClock
 .text.RCC_voidEnablePeripheralClock
                0x0000000008002930       0x84 Src/MRCC_prg.o
                0x0000000008002930                RCC_voidEnablePeripheralClock
 .text.USART_VidInit
                0x00000000080029b4      0x1b8 Src/UART_Program.o
                0x00000000080029b4                USART_VidInit
 .text.USART_ReceiveByte
                0x0000000008002b6c       0xa4 Src/UART_Program.o
                0x0000000008002b6c                USART_ReceiveByte
 .text.USART_VidSendChar
                0x0000000008002c10       0x80 Src/UART_Program.o
                0x0000000008002c10                USART_VidSendChar
 .text.USART_TransmitString
                0x0000000008002c90       0x40 Src/UART_Program.o
                0x0000000008002c90                USART_TransmitString
 .text.main     0x0000000008002cd0      0x180 Src/main.o
                0x0000000008002cd0                main
 .text.Reset_Handler
                0x0000000008002e50       0x50 Startup/startup_stm32f103c8tx.o
                0x0000000008002e50                Reset_Handler
 .text.Default_Handler
                0x0000000008002ea0        0x2 Startup/startup_stm32f103c8tx.o
                0x0000000008002ea0                EXTI2_IRQHandler
                0x0000000008002ea0                TIM8_TRG_COM_IRQHandler
                0x0000000008002ea0                TIM8_CC_IRQHandler
                0x0000000008002ea0                DebugMon_Handler
                0x0000000008002ea0                TIM1_CC_IRQHandler
                0x0000000008002ea0                HardFault_Handler
                0x0000000008002ea0                TIM6_IRQHandler
                0x0000000008002ea0                PVD_IRQHandler
                0x0000000008002ea0                SDIO_IRQHandler
                0x0000000008002ea0                NMI_Handler
                0x0000000008002ea0                EXTI3_IRQHandler
                0x0000000008002ea0                USB_HP_CAN_TX_IRQHandler
                0x0000000008002ea0                EXTI0_IRQHandler
                0x0000000008002ea0                I2C2_EV_IRQHandler
                0x0000000008002ea0                UsageFault_Handler
                0x0000000008002ea0                ADC1_2_IRQHandler
                0x0000000008002ea0                SPI1_IRQHandler
                0x0000000008002ea0                CAN_SCE_IRQHandler
                0x0000000008002ea0                TAMPER_IRQHandler
                0x0000000008002ea0                TIM8_UP_IRQHandler
                0x0000000008002ea0                DMA2_Channel2_IRQHandler
                0x0000000008002ea0                DMA1_Channel4_IRQHandler
                0x0000000008002ea0                USART3_IRQHandler
                0x0000000008002ea0                RTC_IRQHandler
                0x0000000008002ea0                DMA1_Channel7_IRQHandler
                0x0000000008002ea0                UART5_IRQHandler
                0x0000000008002ea0                ADC3_IRQHandler
                0x0000000008002ea0                TIM4_IRQHandler
                0x0000000008002ea0                CAN_RX1_IRQHandler
                0x0000000008002ea0                DMA2_Channel1_IRQHandler
                0x0000000008002ea0                I2C1_EV_IRQHandler
                0x0000000008002ea0                DMA1_Channel6_IRQHandler
                0x0000000008002ea0                UART4_IRQHandler
                0x0000000008002ea0                TIM3_IRQHandler
                0x0000000008002ea0                RCC_IRQHandler
                0x0000000008002ea0                TIM1_TRG_COM_IRQHandler
                0x0000000008002ea0                DMA1_Channel1_IRQHandler
                0x0000000008002ea0                Default_Handler
                0x0000000008002ea0                EXTI15_10_IRQHandler
                0x0000000008002ea0                TIM7_IRQHandler
                0x0000000008002ea0                TIM5_IRQHandler
                0x0000000008002ea0                EXTI9_5_IRQHandler
                0x0000000008002ea0                SPI2_IRQHandler
                0x0000000008002ea0                USB_LP_CAN_RX0_IRQHandler
                0x0000000008002ea0                MemManage_Handler
                0x0000000008002ea0                DMA1_Channel5_IRQHandler
                0x0000000008002ea0                EXTI4_IRQHandler
                0x0000000008002ea0                DMA1_Channel3_IRQHandler
                0x0000000008002ea0                FSMC_IRQHandler
                0x0000000008002ea0                TIM1_UP_IRQHandler
                0x0000000008002ea0                WWDG_IRQHandler
                0x0000000008002ea0                TIM2_IRQHandler
                0x0000000008002ea0                TIM1_BRK_IRQHandler
                0x0000000008002ea0                EXTI1_IRQHandler
                0x0000000008002ea0                RTCAlarm_IRQHandler
                0x0000000008002ea0                DMA2_Channel4_5_IRQHandler
                0x0000000008002ea0                USART2_IRQHandler
                0x0000000008002ea0                I2C2_ER_IRQHandler
                0x0000000008002ea0                DMA1_Channel2_IRQHandler
                0x0000000008002ea0                TIM8_BRK_IRQHandler
                0x0000000008002ea0                FLASH_IRQHandler
                0x0000000008002ea0                BusFault_Handler
                0x0000000008002ea0                USART1_IRQHandler
                0x0000000008002ea0                SPI3_IRQHandler
                0x0000000008002ea0                I2C1_ER_IRQHandler
                0x0000000008002ea0                DMA2_Channel3_IRQHandler
 *fill*         0x0000000008002ea2        0x2 
 .text.__libc_init_array
                0x0000000008002ea4       0x48 c:/st/stm32cubeide_1.6.1/stm32cubeide/plugins/com.st.stm32cube.ide.mcu.externaltools.gnu-tools-for-stm32.9-2020-q2-update.win32_1.5.0.202011040924/tools/bin/../lib/gcc/arm-none-eabi/9.3.1/../../../../arm-none-eabi/lib/thumb/v7-m/nofp\libc_nano.a(lib_a-init.o)
                0x0000000008002ea4                __libc_init_array
 .text.memcpy   0x0000000008002eec       0x1c c:/st/stm32cubeide_1.6.1/stm32cubeide/plugins/com.st.stm32cube.ide.mcu.externaltools.gnu-tools-for-stm32.9-2020-q2-update.win32_1.5.0.202011040924/tools/bin/../lib/gcc/arm-none-eabi/9.3.1/../../../../arm-none-eabi/lib/thumb/v7-m/nofp\libc_nano.a(lib_a-memcpy-stub.o)
                0x0000000008002eec                memcpy
 .text.memset   0x0000000008002f08       0x10 c:/st/stm32cubeide_1.6.1/stm32cubeide/plugins/com.st.stm32cube.ide.mcu.externaltools.gnu-tools-for-stm32.9-2020-q2-update.win32_1.5.0.202011040924/tools/bin/../lib/gcc/arm-none-eabi/9.3.1/../../../../arm-none-eabi/lib/thumb/v7-m/nofp\libc_nano.a(lib_a-memset.o)
                0x0000000008002f08                memset
 *(.glue_7)
 .glue_7        0x0000000008002f18        0x0 linker stubs
 *(.glue_7t)
 .glue_7t       0x0000000008002f18        0x0 linker stubs
 *(.eh_frame)
 .eh_frame      0x0000000008002f18        0x0 c:/st/stm32cubeide_1.6.1/stm32cubeide/plugins/com.st.stm32cube.ide.mcu.externaltools.gnu-tools-for-stm32.9-2020-q2-update.win32_1.5.0.202011040924/tools/bin/../lib/gcc/arm-none-eabi/9.3.1/thumb/v7-m/nofp/crtbegin.o
 *(.init)
 .init          0x0000000008002f18        0x4 c:/st/stm32cubeide_1.6.1/stm32cubeide/plugins/com.st.stm32cube.ide.mcu.externaltools.gnu-tools-for-stm32.9-2020-q2-update.win32_1.5.0.202011040924/tools/bin/../lib/gcc/arm-none-eabi/9.3.1/thumb/v7-m/nofp/crti.o
                0x0000000008002f18                _init
 .init          0x0000000008002f1c        0x8 c:/st/stm32cubeide_1.6.1/stm32cubeide/plugins/com.st.stm32cube.ide.mcu.externaltools.gnu-tools-for-stm32.9-2020-q2-update.win32_1.5.0.202011040924/tools/bin/../lib/gcc/arm-none-eabi/9.3.1/thumb/v7-m/nofp/crtn.o
 *(.fini)
 .fini          0x0000000008002f24        0x4 c:/st/stm32cubeide_1.6.1/stm32cubeide/plugins/com.st.stm32cube.ide.mcu.externaltools.gnu-tools-for-stm32.9-2020-q2-update.win32_1.5.0.202011040924/tools/bin/../lib/gcc/arm-none-eabi/9.3.1/thumb/v7-m/nofp/crti.o
                0x0000000008002f24                _fini
 .fini          0x0000000008002f28        0x8 c:/st/stm32cubeide_1.6.1/stm32cubeide/plugins/com.st.stm32cube.ide.mcu.externaltools.gnu-tools-for-stm32.9-2020-q2-update.win32_1.5.0.202011040924/tools/bin/../lib/gcc/arm-none-eabi/9.3.1/thumb/v7-m/nofp/crtn.o
                0x0000000008002f30                . = ALIGN (0x4)
                0x0000000008002f30                _etext = .

.vfp11_veneer   0x0000000008002f30        0x0
 .vfp11_veneer  0x0000000008002f30        0x0 linker stubs

.v4_bx          0x0000000008002f30        0x0
 .v4_bx         0x0000000008002f30        0x0 linker stubs

.iplt           0x0000000008002f30        0x0
 .iplt          0x0000000008002f30        0x0 c:/st/stm32cubeide_1.6.1/stm32cubeide/plugins/com.st.stm32cube.ide.mcu.externaltools.gnu-tools-for-stm32.9-2020-q2-update.win32_1.5.0.202011040924/tools/bin/../lib/gcc/arm-none-eabi/9.3.1/thumb/v7-m/nofp/crtbegin.o

.rodata         0x0000000008002f30      0x188
                0x0000000008002f30                . = ALIGN (0x4)
 *(.rodata)
 .rodata        0x0000000008002f30        0x5 RTOS/Source/tasks.o
 *fill*         0x0000000008002f35        0x3 
 .rodata        0x0000000008002f38      0x10a Src/APP.o
 *fill*         0x0000000008003042        0x2 
 .rodata        0x0000000008003044       0x72 Src/main.o
 *(.rodata*)
                0x00000000080030b8                . = ALIGN (0x4)
 *fill*         0x00000000080030b6        0x2 

.rel.dyn        0x00000000080030b8        0x0
 .rel.iplt      0x00000000080030b8        0x0 c:/st/stm32cubeide_1.6.1/stm32cubeide/plugins/com.st.stm32cube.ide.mcu.externaltools.gnu-tools-for-stm32.9-2020-q2-update.win32_1.5.0.202011040924/tools/bin/../lib/gcc/arm-none-eabi/9.3.1/thumb/v7-m/nofp/crtbegin.o

.ARM.extab      0x00000000080030b8        0x0
                0x00000000080030b8                . = ALIGN (0x4)
 *(.ARM.extab* .gnu.linkonce.armextab.*)
                0x00000000080030b8                . = ALIGN (0x4)

.ARM            0x00000000080030b8        0x0
                0x00000000080030b8                . = ALIGN (0x4)
                0x00000000080030b8                __exidx_start = .
 *(.ARM.exidx*)
                0x00000000080030b8                __exidx_end = .
                0x00000000080030b8                . = ALIGN (0x4)

.preinit_array  0x00000000080030b8        0x0
                0x00000000080030b8                . = ALIGN (0x4)
                0x00000000080030b8                PROVIDE (__preinit_array_start = .)
 *(.preinit_array*)
                0x00000000080030b8                PROVIDE (__preinit_array_end = .)
                0x00000000080030b8                . = ALIGN (0x4)

.init_array     0x00000000080030b8        0x4
                0x00000000080030b8                . = ALIGN (0x4)
                0x00000000080030b8                PROVIDE (__init_array_start = .)
 *(SORT_BY_NAME(.init_array.*))
 *(.init_array*)
 .init_array    0x00000000080030b8        0x4 c:/st/stm32cubeide_1.6.1/stm32cubeide/plugins/com.st.stm32cube.ide.mcu.externaltools.gnu-tools-for-stm32.9-2020-q2-update.win32_1.5.0.202011040924/tools/bin/../lib/gcc/arm-none-eabi/9.3.1/thumb/v7-m/nofp/crtbegin.o
                0x00000000080030bc                PROVIDE (__init_array_end = .)
                0x00000000080030bc                . = ALIGN (0x4)

.fini_array     0x00000000080030bc        0x4
                0x00000000080030bc                . = ALIGN (0x4)
                [!provide]                        PROVIDE (__fini_array_start = .)
 *(SORT_BY_NAME(.fini_array.*))
 *(.fini_array*)
 .fini_array    0x00000000080030bc        0x4 c:/st/stm32cubeide_1.6.1/stm32cubeide/plugins/com.st.stm32cube.ide.mcu.externaltools.gnu-tools-for-stm32.9-2020-q2-update.win32_1.5.0.202011040924/tools/bin/../lib/gcc/arm-none-eabi/9.3.1/thumb/v7-m/nofp/crtbegin.o
                [!provide]                        PROVIDE (__fini_array_end = .)
                0x00000000080030c0                . = ALIGN (0x4)
                0x00000000080030c0                _sidata = LOADADDR (.data)

.data           0x0000000020000000       0x64 load address 0x00000000080030c0
                0x0000000020000000                . = ALIGN (0x4)
                0x0000000020000000                _sdata = .
 *(.data)
 *(.data*)
 .data.uxTopUsedPriority
                0x0000000020000000        0x4 RTOS/Source/tasks.o
                0x0000000020000000                uxTopUsedPriority
 .data.uxCriticalNesting
                0x0000000020000004        0x4 RTOS/Source/portable/GCC/ARM_CM3/port.o
 .data.arrOfUART
                0x0000000020000008       0x5a Src/UART_cfg.o
                0x0000000020000008                arrOfUART
 *(.RamFunc)
 *(.RamFunc*)
                0x0000000020000064                . = ALIGN (0x4)
 *fill*         0x0000000020000062        0x2 
                0x0000000020000064                _edata = .

.igot.plt       0x0000000020000064        0x0 load address 0x0000000008003124
 .igot.plt      0x0000000020000064        0x0 c:/st/stm32cubeide_1.6.1/stm32cubeide/plugins/com.st.stm32cube.ide.mcu.externaltools.gnu-tools-for-stm32.9-2020-q2-update.win32_1.5.0.202011040924/tools/bin/../lib/gcc/arm-none-eabi/9.3.1/thumb/v7-m/nofp/crtbegin.o
                0x0000000020000064                . = ALIGN (0x4)

.bss            0x0000000020000064     0x4568 load address 0x0000000008003124
                0x0000000020000064                _sbss = .
                0x0000000020000064                __bss_start__ = _sbss
 *(.bss)
 .bss           0x0000000020000064       0x1c c:/st/stm32cubeide_1.6.1/stm32cubeide/plugins/com.st.stm32cube.ide.mcu.externaltools.gnu-tools-for-stm32.9-2020-q2-update.win32_1.5.0.202011040924/tools/bin/../lib/gcc/arm-none-eabi/9.3.1/thumb/v7-m/nofp/crtbegin.o
 *(.bss*)
 .bss.pxCurrentTCB
                0x0000000020000080        0x4 RTOS/Source/tasks.o
                0x0000000020000080                pxCurrentTCB
 .bss.pxReadyTasksLists
                0x0000000020000084       0x64 RTOS/Source/tasks.o
 .bss.xDelayedTaskList1
                0x00000000200000e8       0x14 RTOS/Source/tasks.o
 .bss.xDelayedTaskList2
                0x00000000200000fc       0x14 RTOS/Source/tasks.o
 .bss.pxDelayedTaskList
                0x0000000020000110        0x4 RTOS/Source/tasks.o
 .bss.pxOverflowDelayedTaskList
                0x0000000020000114        0x4 RTOS/Source/tasks.o
 .bss.xPendingReadyList
                0x0000000020000118       0x14 RTOS/Source/tasks.o
 .bss.xTasksWaitingTermination
                0x000000002000012c       0x14 RTOS/Source/tasks.o
 .bss.uxDeletedTasksWaitingCleanUp
                0x0000000020000140        0x4 RTOS/Source/tasks.o
 .bss.xSuspendedTaskList
                0x0000000020000144       0x14 RTOS/Source/tasks.o
 .bss.uxCurrentNumberOfTasks
                0x0000000020000158        0x4 RTOS/Source/tasks.o
 .bss.xTickCount
                0x000000002000015c        0x4 RTOS/Source/tasks.o
 .bss.uxTopReadyPriority
                0x0000000020000160        0x4 RTOS/Source/tasks.o
 .bss.xSchedulerRunning
                0x0000000020000164        0x4 RTOS/Source/tasks.o
 .bss.xPendedTicks
                0x0000000020000168        0x4 RTOS/Source/tasks.o
 .bss.xYieldPending
                0x000000002000016c        0x4 RTOS/Source/tasks.o
 .bss.xNumOfOverflows
                0x0000000020000170        0x4 RTOS/Source/tasks.o
 .bss.uxTaskNumber
                0x0000000020000174        0x4 RTOS/Source/tasks.o
 .bss.xNextTaskUnblockTime
                0x0000000020000178        0x4 RTOS/Source/tasks.o
 .bss.xIdleTaskHandle
                0x000000002000017c        0x4 RTOS/Source/tasks.o
 .bss.uxSchedulerSuspended
                0x0000000020000180        0x4 RTOS/Source/tasks.o
 .bss.ucMaxSysCallPriority
                0x0000000020000184        0x1 RTOS/Source/portable/GCC/ARM_CM3/port.o
 *fill*         0x0000000020000185        0x3 
 .bss.ulMaxPRIGROUPValue
                0x0000000020000188        0x4 RTOS/Source/portable/GCC/ARM_CM3/port.o
 .bss.ucHeap    0x000000002000018c     0x4400 RTOS/Source/portable/MemMang/heap_4.o
 .bss.xStart    0x000000002000458c        0x8 RTOS/Source/portable/MemMang/heap_4.o
 .bss.pxEnd     0x0000000020004594        0x4 RTOS/Source/portable/MemMang/heap_4.o
 .bss.xFreeBytesRemaining
                0x0000000020004598        0x4 RTOS/Source/portable/MemMang/heap_4.o
 .bss.xMinimumEverFreeBytesRemaining
                0x000000002000459c        0x4 RTOS/Source/portable/MemMang/heap_4.o
 .bss.xNumberOfSuccessfulAllocations
                0x00000000200045a0        0x4 RTOS/Source/portable/MemMang/heap_4.o
 .bss.xNumberOfSuccessfulFrees
                0x00000000200045a4        0x4 RTOS/Source/portable/MemMang/heap_4.o
 .bss.xBlockAllocatedBit
                0x00000000200045a8        0x4 RTOS/Source/portable/MemMang/heap_4.o
 .bss.UART_PTR  0x00000000200045ac        0x4 Src/UART_Program.o
                0x00000000200045ac                UART_PTR
 *(COMMON)
 COMMON         0x00000000200045b0        0x8 Src/APP.o
                0x00000000200045b0                x
                0x00000000200045b4                xQueue1
 COMMON         0x00000000200045b8       0x14 Src/main.o
                0x00000000200045b8                taskHandle_t5
                0x00000000200045bc                taskHandle_t3
                0x00000000200045c0                taskHandle_t2
                0x00000000200045c4                taskHandle_t1
                0x00000000200045c8                taskHandle_t4
                0x00000000200045cc                . = ALIGN (0x4)
                0x00000000200045cc                _ebss = .
                0x00000000200045cc                __bss_end__ = _ebss

._user_heap_stack
                0x00000000200045cc      0x604 load address 0x0000000008003124
                0x00000000200045d0                . = ALIGN (0x8)
 *fill*         0x00000000200045cc        0x4 
                [!provide]                        PROVIDE (end = .)
                0x00000000200045d0                PROVIDE (_end = .)
                0x00000000200047d0                . = (. + _Min_Heap_Size)
 *fill*         0x00000000200045d0      0x200 
                0x0000000020004bd0                . = (. + _Min_Stack_Size)
 *fill*         0x00000000200047d0      0x400 
                0x0000000020004bd0                . = ALIGN (0x8)

/DISCARD/
 libc.a(*)
 libm.a(*)
 libgcc.a(*)

.ARM.attributes
                0x0000000000000000       0x29
 *(.ARM.attributes)
 .ARM.attributes
                0x0000000000000000       0x1d c:/st/stm32cubeide_1.6.1/stm32cubeide/plugins/com.st.stm32cube.ide.mcu.externaltools.gnu-tools-for-stm32.9-2020-q2-update.win32_1.5.0.202011040924/tools/bin/../lib/gcc/arm-none-eabi/9.3.1/thumb/v7-m/nofp/crti.o
 .ARM.attributes
                0x000000000000001d       0x2d c:/st/stm32cubeide_1.6.1/stm32cubeide/plugins/com.st.stm32cube.ide.mcu.externaltools.gnu-tools-for-stm32.9-2020-q2-update.win32_1.5.0.202011040924/tools/bin/../lib/gcc/arm-none-eabi/9.3.1/thumb/v7-m/nofp/crtbegin.o
 .ARM.attributes
                0x000000000000004a       0x2d RTOS/Source/list.o
 .ARM.attributes
                0x0000000000000077       0x2d RTOS/Source/queue.o
 .ARM.attributes
                0x00000000000000a4       0x2d RTOS/Source/tasks.o
 .ARM.attributes
                0x00000000000000d1       0x2d RTOS/Source/portable/GCC/ARM_CM3/port.o
 .ARM.attributes
                0x00000000000000fe       0x2d RTOS/Source/portable/MemMang/heap_4.o
 .ARM.attributes
                0x000000000000012b       0x2d Src/APP.o
 .ARM.attributes
                0x0000000000000158       0x2d Src/MGPIO_prg.o
 .ARM.attributes
                0x0000000000000185       0x2d Src/MRCC_prg.o
 .ARM.attributes
                0x00000000000001b2       0x2d Src/UART_Program.o
 .ARM.attributes
                0x00000000000001df       0x33 Src/UART_cfg.o
 .ARM.attributes
                0x0000000000000212       0x2d Src/main.o
 .ARM.attributes
                0x000000000000023f       0x21 Startup/startup_stm32f103c8tx.o
 .ARM.attributes
                0x0000000000000260       0x2d c:/st/stm32cubeide_1.6.1/stm32cubeide/plugins/com.st.stm32cube.ide.mcu.externaltools.gnu-tools-for-stm32.9-2020-q2-update.win32_1.5.0.202011040924/tools/bin/../lib/gcc/arm-none-eabi/9.3.1/../../../../arm-none-eabi/lib/thumb/v7-m/nofp\libc_nano.a(lib_a-init.o)
 .ARM.attributes
                0x000000000000028d       0x2d c:/st/stm32cubeide_1.6.1/stm32cubeide/plugins/com.st.stm32cube.ide.mcu.externaltools.gnu-tools-for-stm32.9-2020-q2-update.win32_1.5.0.202011040924/tools/bin/../lib/gcc/arm-none-eabi/9.3.1/../../../../arm-none-eabi/lib/thumb/v7-m/nofp\libc_nano.a(lib_a-memcpy-stub.o)
 .ARM.attributes
                0x00000000000002ba       0x2d c:/st/stm32cubeide_1.6.1/stm32cubeide/plugins/com.st.stm32cube.ide.mcu.externaltools.gnu-tools-for-stm32.9-2020-q2-update.win32_1.5.0.202011040924/tools/bin/../lib/gcc/arm-none-eabi/9.3.1/../../../../arm-none-eabi/lib/thumb/v7-m/nofp\libc_nano.a(lib_a-memset.o)
 .ARM.attributes
                0x00000000000002e7       0x1d c:/st/stm32cubeide_1.6.1/stm32cubeide/plugins/com.st.stm32cube.ide.mcu.externaltools.gnu-tools-for-stm32.9-2020-q2-update.win32_1.5.0.202011040924/tools/bin/../lib/gcc/arm-none-eabi/9.3.1/thumb/v7-m/nofp/crtn.o
OUTPUT(RTOS_YASSIN.elf elf32-littlearm)
LOAD linker stubs
LOAD c:/st/stm32cubeide_1.6.1/stm32cubeide/plugins/com.st.stm32cube.ide.mcu.externaltools.gnu-tools-for-stm32.9-2020-q2-update.win32_1.5.0.202011040924/tools/bin/../lib/gcc/arm-none-eabi/9.3.1/../../../../arm-none-eabi/lib/thumb/v7-m/nofp\libc.a
LOAD c:/st/stm32cubeide_1.6.1/stm32cubeide/plugins/com.st.stm32cube.ide.mcu.externaltools.gnu-tools-for-stm32.9-2020-q2-update.win32_1.5.0.202011040924/tools/bin/../lib/gcc/arm-none-eabi/9.3.1/../../../../arm-none-eabi/lib/thumb/v7-m/nofp\libm.a
LOAD c:/st/stm32cubeide_1.6.1/stm32cubeide/plugins/com.st.stm32cube.ide.mcu.externaltools.gnu-tools-for-stm32.9-2020-q2-update.win32_1.5.0.202011040924/tools/bin/../lib/gcc/arm-none-eabi/9.3.1/thumb/v7-m/nofp\libgcc.a

.debug_info     0x0000000000000000     0x7b08
 .debug_info    0x0000000000000000      0xb76 RTOS/Source/list.o
 .debug_info    0x0000000000000b76     0x1bce RTOS/Source/queue.o
 .debug_info    0x0000000000002744     0x24d7 RTOS/Source/tasks.o
 .debug_info    0x0000000000004c1b      0x47b RTOS/Source/portable/GCC/ARM_CM3/port.o
 .debug_info    0x0000000000005096      0xd7e RTOS/Source/portable/MemMang/heap_4.o
 .debug_info    0x0000000000005e14      0x636 Src/APP.o
 .debug_info    0x000000000000644a      0x483 Src/MGPIO_prg.o
 .debug_info    0x00000000000068cd      0x15e Src/MRCC_prg.o
 .debug_info    0x0000000000006a2b      0x997 Src/UART_Program.o
 .debug_info    0x00000000000073c2      0x2a1 Src/UART_cfg.o
 .debug_info    0x0000000000007663      0x483 Src/main.o
 .debug_info    0x0000000000007ae6       0x22 Startup/startup_stm32f103c8tx.o

.debug_abbrev   0x0000000000000000     0x14c0
 .debug_abbrev  0x0000000000000000      0x1f7 RTOS/Source/list.o
 .debug_abbrev  0x00000000000001f7      0x2f3 RTOS/Source/queue.o
 .debug_abbrev  0x00000000000004ea      0x37e RTOS/Source/tasks.o
 .debug_abbrev  0x0000000000000868      0x21c RTOS/Source/portable/GCC/ARM_CM3/port.o
 .debug_abbrev  0x0000000000000a84      0x2d3 RTOS/Source/portable/MemMang/heap_4.o
 .debug_abbrev  0x0000000000000d57      0x155 Src/APP.o
 .debug_abbrev  0x0000000000000eac      0x115 Src/MGPIO_prg.o
 .debug_abbrev  0x0000000000000fc1       0xc0 Src/MRCC_prg.o
 .debug_abbrev  0x0000000000001081      0x231 Src/UART_Program.o
 .debug_abbrev  0x00000000000012b2       0xa6 Src/UART_cfg.o
 .debug_abbrev  0x0000000000001358      0x156 Src/main.o
 .debug_abbrev  0x00000000000014ae       0x12 Startup/startup_stm32f103c8tx.o

.debug_aranges  0x0000000000000000      0x508
 .debug_aranges
                0x0000000000000000       0x40 RTOS/Source/list.o
 .debug_aranges
                0x0000000000000040       0xe0 RTOS/Source/queue.o
 .debug_aranges
                0x0000000000000120      0x1b0 RTOS/Source/tasks.o
 .debug_aranges
                0x00000000000002d0       0x78 RTOS/Source/portable/GCC/ARM_CM3/port.o
 .debug_aranges
                0x0000000000000348       0x58 RTOS/Source/portable/MemMang/heap_4.o
 .debug_aranges
                0x00000000000003a0       0x40 Src/APP.o
 .debug_aranges
                0x00000000000003e0       0x50 Src/MGPIO_prg.o
 .debug_aranges
                0x0000000000000430       0x38 Src/MRCC_prg.o
 .debug_aranges
                0x0000000000000468       0x40 Src/UART_Program.o
 .debug_aranges
                0x00000000000004a8       0x18 Src/UART_cfg.o
 .debug_aranges
                0x00000000000004c0       0x20 Src/main.o
 .debug_aranges
                0x00000000000004e0       0x28 Startup/startup_stm32f103c8tx.o

.debug_ranges   0x0000000000000000      0x448
 .debug_ranges  0x0000000000000000       0x30 RTOS/Source/list.o
 .debug_ranges  0x0000000000000030       0xd0 RTOS/Source/queue.o
 .debug_ranges  0x0000000000000100      0x1a0 RTOS/Source/tasks.o
 .debug_ranges  0x00000000000002a0       0x68 RTOS/Source/portable/GCC/ARM_CM3/port.o
 .debug_ranges  0x0000000000000308       0x48 RTOS/Source/portable/MemMang/heap_4.o
 .debug_ranges  0x0000000000000350       0x30 Src/APP.o
 .debug_ranges  0x0000000000000380       0x40 Src/MGPIO_prg.o
 .debug_ranges  0x00000000000003c0       0x28 Src/MRCC_prg.o
 .debug_ranges  0x00000000000003e8       0x30 Src/UART_Program.o
 .debug_ranges  0x0000000000000418       0x10 Src/main.o
 .debug_ranges  0x0000000000000428       0x20 Startup/startup_stm32f103c8tx.o

.debug_macro    0x0000000000000000     0x1717
 .debug_macro   0x0000000000000000      0x193 RTOS/Source/list.o
 .debug_macro   0x0000000000000193      0x21c RTOS/Source/queue.o
 .debug_macro   0x00000000000003af       0x16 RTOS/Source/queue.o
 .debug_macro   0x00000000000003c5       0x35 RTOS/Source/queue.o
 .debug_macro   0x00000000000003fa       0x20 RTOS/Source/queue.o
 .debug_macro   0x000000000000041a       0x80 RTOS/Source/queue.o
 .debug_macro   0x000000000000049a      0x279 RTOS/Source/tasks.o
 .debug_macro   0x0000000000000713       0x10 RTOS/Source/tasks.o
 .debug_macro   0x0000000000000723      0x172 RTOS/Source/portable/GCC/ARM_CM3/port.o
 .debug_macro   0x0000000000000895      0x1ae RTOS/Source/portable/MemMang/heap_4.o
 .debug_macro   0x0000000000000a43      0x185 Src/APP.o
 .debug_macro   0x0000000000000bc8       0x69 Src/APP.o
 .debug_macro   0x0000000000000c31       0x1c Src/APP.o
 .debug_macro   0x0000000000000c4d       0x28 Src/APP.o
 .debug_macro   0x0000000000000c75      0x28f Src/APP.o
 .debug_macro   0x0000000000000f04      0x136 Src/APP.o
 .debug_macro   0x000000000000103a       0x49 Src/APP.o
 .debug_macro   0x0000000000001083       0x54 Src/APP.o
 .debug_macro   0x00000000000010d7       0x40 Src/APP.o
 .debug_macro   0x0000000000001117       0x4c Src/MGPIO_prg.o
 .debug_macro   0x0000000000001163       0x4a Src/MRCC_prg.o
 .debug_macro   0x00000000000011ad       0x3d Src/MRCC_prg.o
 .debug_macro   0x00000000000011ea       0x87 Src/UART_Program.o
 .debug_macro   0x0000000000001271       0x4e Src/UART_Program.o
 .debug_macro   0x00000000000012bf      0x295 Src/UART_Program.o
 .debug_macro   0x0000000000001554       0x46 Src/UART_cfg.o
 .debug_macro   0x000000000000159a      0x17d Src/main.o

.debug_line     0x0000000000000000     0x5b45
 .debug_line    0x0000000000000000      0x735 RTOS/Source/list.o
 .debug_line    0x0000000000000735     0x12e4 RTOS/Source/queue.o
 .debug_line    0x0000000000001a19     0x1975 RTOS/Source/tasks.o
 .debug_line    0x000000000000338e      0x79a RTOS/Source/portable/GCC/ARM_CM3/port.o
 .debug_line    0x0000000000003b28      0x97f RTOS/Source/portable/MemMang/heap_4.o
 .debug_line    0x00000000000044a7      0x6cf Src/APP.o
 .debug_line    0x0000000000004b76      0x3cc Src/MGPIO_prg.o
 .debug_line    0x0000000000004f42      0x15c Src/MRCC_prg.o
 .debug_line    0x000000000000509e      0x2e6 Src/UART_Program.o
 .debug_line    0x0000000000005384       0x8d Src/UART_cfg.o
 .debug_line    0x0000000000005411      0x6b0 Src/main.o
 .debug_line    0x0000000000005ac1       0x84 Startup/startup_stm32f103c8tx.o

.debug_str      0x0000000000000000    0x1112e
 .debug_str     0x0000000000000000     0xa969 RTOS/Source/list.o
                                       0xabfd (size before relaxing)
 .debug_str     0x000000000000a969     0x2152 RTOS/Source/queue.o
                                       0xcd2e (size before relaxing)
 .debug_str     0x000000000000cabb     0x19b7 RTOS/Source/tasks.o
                                       0xd95f (size before relaxing)
 .debug_str     0x000000000000e472      0x6cb RTOS/Source/portable/GCC/ARM_CM3/port.o
                                       0x91a7 (size before relaxing)
 .debug_str     0x000000000000eb3d      0x328 RTOS/Source/portable/MemMang/heap_4.o
                                       0xc077 (size before relaxing)
 .debug_str     0x000000000000ee65     0x1d93 Src/APP.o
                                       0xaf6d (size before relaxing)
 .debug_str     0x0000000000010bf8      0x168 Src/MGPIO_prg.o
                                       0x3250 (size before relaxing)
 .debug_str     0x0000000000010d60      0x20d Src/MRCC_prg.o
                                       0x3f7a (size before relaxing)
 .debug_str     0x0000000000010f6d      0x163 Src/UART_Program.o
                                       0x4545 (size before relaxing)
 .debug_str     0x00000000000110d0       0x12 Src/UART_cfg.o
                                       0x332e (size before relaxing)
 .debug_str     0x00000000000110e2       0x1b Src/main.o
                                       0xae3e (size before relaxing)
 .debug_str     0x00000000000110fd       0x31 Startup/startup_stm32f103c8tx.o
                                         0x64 (size before relaxing)

.comment        0x0000000000000000       0x53
 .comment       0x0000000000000000       0x53 RTOS/Source/list.o
                                         0x54 (size before relaxing)
 .comment       0x0000000000000053       0x54 RTOS/Source/queue.o
 .comment       0x0000000000000053       0x54 RTOS/Source/tasks.o
 .comment       0x0000000000000053       0x54 RTOS/Source/portable/GCC/ARM_CM3/port.o
 .comment       0x0000000000000053       0x54 RTOS/Source/portable/MemMang/heap_4.o
 .comment       0x0000000000000053       0x54 Src/APP.o
 .comment       0x0000000000000053       0x54 Src/MGPIO_prg.o
 .comment       0x0000000000000053       0x54 Src/MRCC_prg.o
 .comment       0x0000000000000053       0x54 Src/UART_Program.o
 .comment       0x0000000000000053       0x54 Src/UART_cfg.o
 .comment       0x0000000000000053       0x54 Src/main.o

.debug_frame    0x0000000000000000     0x1270
 .debug_frame   0x0000000000000000       0xd8 RTOS/Source/list.o
 .debug_frame   0x00000000000000d8      0x3a8 RTOS/Source/queue.o
 .debug_frame   0x0000000000000480      0x740 RTOS/Source/tasks.o
 .debug_frame   0x0000000000000bc0      0x198 RTOS/Source/portable/GCC/ARM_CM3/port.o
 .debug_frame   0x0000000000000d58      0x12c RTOS/Source/portable/MemMang/heap_4.o
 .debug_frame   0x0000000000000e84       0xb4 Src/APP.o
 .debug_frame   0x0000000000000f38      0x128 Src/MGPIO_prg.o
 .debug_frame   0x0000000000001060       0xa0 Src/MRCC_prg.o
 .debug_frame   0x0000000000001100       0xcc Src/UART_Program.o
 .debug_frame   0x00000000000011cc       0x30 Src/main.o
 .debug_frame   0x00000000000011fc       0x2c c:/st/stm32cubeide_1.6.1/stm32cubeide/plugins/com.st.stm32cube.ide.mcu.externaltools.gnu-tools-for-stm32.9-2020-q2-update.win32_1.5.0.202011040924/tools/bin/../lib/gcc/arm-none-eabi/9.3.1/../../../../arm-none-eabi/lib/thumb/v7-m/nofp\libc_nano.a(lib_a-init.o)
 .debug_frame   0x0000000000001228       0x28 c:/st/stm32cubeide_1.6.1/stm32cubeide/plugins/com.st.stm32cube.ide.mcu.externaltools.gnu-tools-for-stm32.9-2020-q2-update.win32_1.5.0.202011040924/tools/bin/../lib/gcc/arm-none-eabi/9.3.1/../../../../arm-none-eabi/lib/thumb/v7-m/nofp\libc_nano.a(lib_a-memcpy-stub.o)
 .debug_frame   0x0000000000001250       0x20 c:/st/stm32cubeide_1.6.1/stm32cubeide/plugins/com.st.stm32cube.ide.mcu.externaltools.gnu-tools-for-stm32.9-2020-q2-update.win32_1.5.0.202011040924/tools/bin/../lib/gcc/arm-none-eabi/9.3.1/../../../../arm-none-eabi/lib/thumb/v7-m/nofp\libc_nano.a(lib_a-memset.o)
